[wpdemo.wensolutions.com/travel-joy-pro/index.html]
[backblue.gif]
[fade.gif]
[index.html]
[wpdemo.wensolutions.com/travel-joy-pro/wp-includes/css/dist/block-library/style.mindc8c.css]
[wpdemo.wensolutions.com/travel-joy-pro/feed/index.html]
[wpdemo.wensolutions.com/travel-joy-pro/comments/feed/index.html]
[wpdemo.wensolutions.com/travel-joy-pro/wp-content/plugins/wp-travel/app/assets/css/lib/font-awesome/css/fontawesome-all.mindc8c.css]
[wpdemo.wensolutions.com/travel-joy-pro/wp-content/plugins/wp-travel/app/build/wp-travel-front-enddc8c.css]
[wpdemo.wensolutions.com/travel-joy-pro/wp-content/plugins/wp-travel/app/assets/css/lib/font-awesome/css/wp-travel-fa-icons.mindc8c.css]
[wpdemo.wensolutions.com/travel-joy-pro/wp-content/plugins/wp-travel/app/build/frontend-booking-widgetdc8c.css]
[wpdemo.wensolutions.com/travel-joy-pro/wp-includes/css/dashicons.mindc8c.css]
[wpdemo.wensolutions.com/travel-joy-pro/wp-content/plugins/wp-travel/app/assets/css/lib/datepicker/datepicker.mindc8c.css]
[wpdemo.wensolutions.com/travel-joy-pro/wp-content/plugins/contact-form-7/includes/css/stylesdc8c.css]
[wpdemo.wensolutions.com/travel-joy-pro/wp-content/themes/travel-joy-pro/css/all.mindc8c.css]
[wpdemo.wensolutions.com/travel-joy-pro/wp-content/plugins/wp-travel/app/assets/css/lib/slick/slick.mindc8c.css]
[wpdemo.wensolutions.com/travel-joy-pro/wp-content/themes/travel-joy-pro/css/style.mindc8c.css]
[wpdemo.wensolutions.com/travel-joy-pro/wp-content/themes/travel-joy-pro/css/dynamic.mindc8c.css]
[wpdemo.wensolutions.com/travel-joy-pro/wp-content/themes/travel-joy-pro/styledc8c.css]
[wpdemo.wensolutions.com/travel-joy-pro/wp-content/plugins/wp-travel-pro/inc/modules/downloads-core/assets/frontend-stylesdc8c.css]
[wpdemo.wensolutions.com/travel-joy-pro/wp-content/plugins/wp-travel-pro/inc/modules/tour-guide-core/css/front-styledc8c.css]
[wpdemo.wensolutions.com/travel-joy-pro/wp-content/plugins/wp-travel-pro/inc/modules/tour-extras-core/assets/css/magnific-popup.mindc8c.css]
[wpdemo.wensolutions.com/travel-joy-pro/wp-content/plugins/wp-travel-pro/inc/modules/trip-weather-forecast-core/assets/frontend-stylesdc8c.css]
[wpdemo.wensolutions.com/travel-joy-pro/wp-content/plugins/wp-travel-pro/inc/modules/utilities-core/assets/css/wp-travel-utilities-front-end.mindc8c.css]
[wpdemo.wensolutions.com/travel-joy-pro/wp-content/plugins/wp-travel-pro/inc/modules/wishlists-core/assets/css/wp-travel-wishlists.mindc8c.css]
[wpdemo.wensolutions.com/travel-joy-pro/wp-content/plugins/notificationx/assets/public/css/frontenddc8c.css]
[wpdemo.wensolutions.com/travel-joy-pro/wp-includes/js/jquery/jquery.minf43b.js]
[wpdemo.wensolutions.com/travel-joy-pro/wp-includes/js/jquery/jquery-migrate.min5589.js]
[wpdemo.wensolutions.com/travel-joy-pro/wp-includes/js/dist/vendor/wp-polyfill-inert.min0226.js]
[wpdemo.wensolutions.com/travel-joy-pro/wp-includes/js/dist/vendor/regenerator-runtime.min6c85.js]
[wpdemo.wensolutions.com/travel-joy-pro/wp-includes/js/dist/vendor/wp-polyfill.min2c7c.js]
[wpdemo.wensolutions.com/travel-joy-pro/wp-includes/js/dist/vendor/react.min7a3b.js]
[wpdemo.wensolutions.com/travel-joy-pro/wp-includes/js/dist/vendor/react-dom.min7a3b.js]
[wpdemo.wensolutions.com/travel-joy-pro/wp-includes/js/dist/hooks.min2ebd.js]
[wpdemo.wensolutions.com/travel-joy-pro/wp-includes/js/dist/i18n.minf92f.js]
[wpdemo.wensolutions.com/travel-joy-pro/wp-includes/js/dist/dom-ready.minded6.js]
[wpdemo.wensolutions.com/travel-joy-pro/wp-includes/js/dist/deprecated.min664b.js]
[wpdemo.wensolutions.com/travel-joy-pro/wp-includes/js/dist/dom.minbac8.js]
[wpdemo.wensolutions.com/travel-joy-pro/wp-includes/js/dist/escape-html.min0311.js]
[wpdemo.wensolutions.com/travel-joy-pro/wp-includes/js/dist/element.min0eb1.js]
[wpdemo.wensolutions.com/travel-joy-pro/wp-includes/js/dist/is-shallow-equal.mincc0f.js]
[wpdemo.wensolutions.com/travel-joy-pro/wp-includes/js/dist/keycodes.min3d5f.js]
[wpdemo.wensolutions.com/travel-joy-pro/wp-includes/js/dist/priority-queue.mind972.js]
[wpdemo.wensolutions.com/travel-joy-pro/wp-includes/js/dist/compose.min3e86.js]
[wpdemo.wensolutions.com/travel-joy-pro/wp-includes/js/dist/private-apis.min3089.js]
[wpdemo.wensolutions.com/travel-joy-pro/wp-includes/js/dist/redux-routine.min9528.js]
[wpdemo.wensolutions.com/travel-joy-pro/wp-includes/js/dist/data.min23f6.js]
[wpdemo.wensolutions.com/travel-joy-pro/wp-content/plugins/wp-travel-pro/inc/modules/tour-guide-core/js/front-script84fc.js]
[wpdemo.wensolutions.com/travel-joy-pro/wp-content/plugins/wp-travel-pro/inc/modules/tour-guide-core/app/build/wp-travel-travel-guide-front84fc.js]
[wpdemo.wensolutions.com/travel-joy-pro/wp-json/wp/v2/pages/37.json]
[wpdemo.wensolutions.com/travel-joy-pro/wp-json/index.html]
[wpdemo.wensolutions.com/travel-joy-pro/xmlrpc0db0.php]
[wpdemo.wensolutions.com/travel-joy-pro/wp-json/oembed/1.0/embed999b.json]
[wpdemo.wensolutions.com/travel-joy-pro/wp-json/oembed/1.0/embed1752]
[wpdemo.wensolutions.com/travel-joy-pro/wp-content/uploads/sites/6/2023/06/landscape-water-nature-outdoor-sky-sunrise-949902-pxhere.com_.jpg]
[wpdemo.wensolutions.com/travel-joy-pro/wp-content/uploads/sites/6/2023/08/cropped-Support-1.png]
[wpdemo.wensolutions.com/travel-joy-pro/wp-content/themes/travel-joy-pro/image/scrolldown.png]
[wpdemo.wensolutions.com/travel-joy-pro/destination/index.html]
[wpdemo.wensolutions.com/travel-joy-pro/wp-content/uploads/sites/6/2021/03/beach-landscape-sea-coast-water-nature-818952-pxhere.com_.jpg]
[wpdemo.wensolutions.com/travel-joy-pro/travel-locations/europe/index.html]
[wpdemo.wensolutions.com/travel-joy-pro/travel-locations/america/index.html]
[wpdemo.wensolutions.com/travel-joy-pro/travel-locations/asia/index.html]
[wpdemo.wensolutions.com/travel-joy-pro/wp-content/uploads/sites/6/2021/03/skyline-night-view-building-city-skyscraper-1151115-pxhere.com_.jpg]
[wpdemo.wensolutions.com/travel-joy-pro/travel-locations/japan/index.html]
[wpdemo.wensolutions.com/travel-joy-pro/travel-locations/dubai/index.html]
[wpdemo.wensolutions.com/travel-joy-pro/travel-locations/france/index.html]
[wpdemo.wensolutions.com/travel-joy-pro/travel-locations/germany/index.html]
[wpdemo.wensolutions.com/travel-joy-pro/travel-locations/russia/index.html]
[wpdemo.wensolutions.com/travel-joy-pro/travel-locations/spain/index.html]
[wpdemo.wensolutions.com/travel-joy-pro/travel-locations/mexico/index.html]
[wpdemo.wensolutions.com/travel-joy-pro/wp-content/uploads/sites/6/2023/08/claudia-altamimi-PSD6ffClG0w-unsplash_11zon-scaled.jpg]
[wpdemo.wensolutions.com/travel-joy-pro/itinerary/index.html]
[wpdemo.wensolutions.com/travel-joy-pro/wp-content/uploads/sites/6/2023/08/anoof-junaid-J16ep2LfHwY-unsplash_11zon-scaled.jpg]
[wpdemo.wensolutions.com/travel-joy-pro/trips-list-view/index.html]
[wpdemo.wensolutions.com/travel-joy-pro/trips-grid-view/index.html]
[wpdemo.wensolutions.com/travel-joy-pro/wp-content/uploads/sites/6/2023/08/ashim-d-silva-UjxL9x0nwQ8-unsplash_11zon-scaled.jpg]
[wpdemo.wensolutions.com/travel-joy-pro/wp-content/uploads/sites/6/2023/10/Finding-8-1600x1067-1.jpg]
[wpdemo.wensolutions.com/travel-joy-pro/activities/index.html]
[wpdemo.wensolutions.com/travel-joy-pro/trip-types/index.html]
[wpdemo.wensolutions.com/travel-joy-pro/shortcodes/index.html]
[wpdemo.wensolutions.com/travel-joy-pro/wp-content/uploads/sites/6/2023/10/SS-School.jpg]
[wpdemo.wensolutions.com/travel-joy-pro/wp-content/uploads/sites/6/2023/08/nathan-cima-8DWP7bttljg-unsplash_11zon-scaled.jpg]
[wpdemo.wensolutions.com/travel-joy-pro/trip-type/bungee-jumping/index.html]
[wpdemo.wensolutions.com/travel-joy-pro/trip-type/beach/index.html]
[wpdemo.wensolutions.com/travel-joy-pro/wp-content/uploads/sites/6/2023/10/https-cdn.sanity.io-images-axbeklts-production-9532f8c1a3cc870cfd07d2431fab8e6799c30ab7-3456x2304]
[wpdemo.wensolutions.com/travel-joy-pro/wp-content/uploads/sites/6/2023/08/ries-bosch-woi8qHXopSE-unsplash_11zon1-scaled.jpg]
[wpdemo.wensolutions.com/travel-joy-pro/trip-type/trekking/index.html]
[wpdemo.wensolutions.com/travel-joy-pro/trip-type/cheerful-rafting/index.html]
[wpdemo.wensolutions.com/travel-joy-pro/trip-type/enjoy-fishing/index.html]
[wpdemo.wensolutions.com/travel-joy-pro/wp-content/uploads/sites/6/2023/10/wildcamping.jpg]
[wpdemo.wensolutions.com/travel-joy-pro/trip-type/skiing-thrill/index.html]
[wpdemo.wensolutions.com/travel-joy-pro/trip-type/luxury-life/index.html]
[wpdemo.wensolutions.com/travel-joy-pro/trip-type/historical-monuments/index.html]
[wpdemo.wensolutions.com/travel-joy-pro/wp-content/uploads/sites/6/2023/10/e75c5e_2c6f3122e58942e084abb686da35a3e1mv2.jpg]
[wpdemo.wensolutions.com/travel-joy-pro/wp-content/uploads/sites/6/2023/08/kamil-pietrzak-H22w-tq0SeQ-unsplash_11zon-scaled.jpg]
[wpdemo.wensolutions.com/travel-joy-pro/trip-type/peaceful-camping/index.html]
[wpdemo.wensolutions.com/travel-joy-pro/wp-content/uploads/sites/6/2023/08/getty_167167350_9706479704500183_94071.jpg]
[wpdemo.wensolutions.com/travel-joy-pro/trip-type/thrilling-skydiving/index.html]
[wpdemo.wensolutions.com/travel-joy-pro/trip-type/scuba-diving/index.html]
[wpdemo.wensolutions.com/travel-joy-pro/wp-content/uploads/sites/6/2023/06/wing-wind-flag-usa-america-toy-99818-pxhere.com_.jpg]
[wpdemo.wensolutions.com/travel-joy-pro/trip-type/vacation/index.html]
[wpdemo.wensolutions.com/travel-joy-pro/wp-content/uploads/sites/6/2023/06/architecture-sky-night-star-asian-chinese-869437-pxhere.com_.jpg]
[wpdemo.wensolutions.com/travel-joy-pro/wp-content/uploads/sites/6/2023/06/water-ocean-horizon-architecture-skyline-night-680951-pxhere.com_-1.jpg]
[wpdemo.wensolutions.com/travel-joy-pro/wp-content/uploads/sites/6/2023/06/beach-sea-coast-architecture-house-town-98951-pxhere.com_.jpg]
[wpdemo.wensolutions.com/travel-joy-pro/wp-content/uploads/sites/6/2023/06/sky-wind-france-red-color-flag-848099-pxhere.com_.jpg]
[wpdemo.wensolutions.com/travel-joy-pro/wp-content/uploads/sites/6/2023/06/mountain-snow-winter-architecture-mountain-range-weather-1409192-pxhere.com_.jpg]
[wpdemo.wensolutions.com/travel-joy-pro/wp-content/uploads/sites/6/2023/06/pedestrian-people-road-building-crowd-downtown-1004785-pxhere.com_.jpg]
[wpdemo.wensolutions.com/travel-joy-pro/wp-content/uploads/sites/6/2023/06/amusement-park-market-toy-art-mexico-skulls-745840-pxhere.com_.jpg]
[wpdemo.wensolutions.com/travel-joy-pro/wp-content/uploads/sites/6/2023/06/beach-sea-coast-water-ocean-horizon-917394-pxhere.com_.jpg]
[wpdemo.wensolutions.com/travel-joy-pro/wp-content/uploads/sites/6/2023/06/Kyoto-1024x768.webp]
[wpdemo.wensolutions.com/travel-joy-pro/wp-content/uploads/sites/6/2023/06/GettyRF_503257072_11zon-1-1024x683.jpg]
[wpdemo.wensolutions.com/travel-joy-pro/travel-locations/miami/index.html]
[wpdemo.wensolutions.com/travel-joy-pro/itinerary/heavenly-beautiful-japan/index.html]
[wpdemo.wensolutions.com/travel-joy-pro/wp-content/uploads/sites/6/2023/06/shutterstock_248799484-scaled-1-1024x683.jpg]
[wpdemo.wensolutions.com/travel-joy-pro/wp-content/uploads/sites/6/2023/06/11reasonsthailand.jpg]
[wpdemo.wensolutions.com/travel-joy-pro/itinerary/your-ultimate-russian-odyssey/index.html]
[wpdemo.wensolutions.com/travel-joy-pro/itinerary/get-freaky-on-new-york-amazing-place/index.html]
[wpdemo.wensolutions.com/travel-joy-pro/wp-content/uploads/sites/6/2021/03/skyline-night-view-building-city-skyscraper-1151115-pxhere.com_-1024x768.jpg]
[wpdemo.wensolutions.com/travel-joy-pro/itinerary/magnificiant-thailand/index.html]
[wpdemo.wensolutions.com/travel-joy-pro/wp-content/uploads/sites/6/2021/03/night-paris-cityscape-evening-reflection-tower-1054352-pxhere.com_-1024x613.jpg]
[wpdemo.wensolutions.com/travel-joy-pro/wp-content/uploads/sites/6/2021/03/beach-landscape-sea-coast-water-nature-818952-pxhere.com_-1024x503.jpg]
[wpdemo.wensolutions.com/travel-joy-pro/wp-content/uploads/sites/6/2023/06/france-champs-elysees-paris-1024x576.jpg]
[wpdemo.wensolutions.com/travel-joy-pro/wp-content/uploads/sites/6/2023/08/natalya-zaritskaya-SIOdjcYotms-unsplash_11zon-scaled.jpg]
[wpdemo.wensolutions.com/travel-joy-pro/itinerary/want-to-visit-las-vegas/index.html]
[wpdemo.wensolutions.com/travel-joy-pro/itinerary/luxury-never-gets-enough-of-it-dubai-king-of-luxury/index.html]
[wpdemo.wensolutions.com/travel-joy-pro/wp-content/uploads/sites/6/2023/08/geojango-maps-CWbbJW_7Fsw-unsplash_11zon-scaled.jpg]
[wpdemo.wensolutions.com/travel-joy-pro/blog/index.html]
[wpdemo.wensolutions.com/travel-joy-pro/wp-content/uploads/sites/6/2021/03/laptop-desk-computer-writing-apple-table-693727-pxhere.com_.jpg]
[wpdemo.wensolutions.com/travel-joy-pro/2023/08/08/do-i-need-travel-insurance-during-my-international-visits/index.html]
[wpdemo.wensolutions.com/travel-joy-pro/2023/08/08/what-documents-do-i-need-for-international-travel-passport-visa/index.html]
[wpdemo.wensolutions.com/travel-joy-pro/wp-content/uploads/sites/6/2021/03/asia-asian-attractive-business-businesswoman-casual-1622682-pxhere.com_.jpg]
[wpdemo.wensolutions.com/travel-joy-pro/wp-content/uploads/sites/6/2021/03/amazon_PNG6.png]
[wpdemo.wensolutions.com/travel-joy-pro/wp-content/uploads/sites/6/2021/03/black-2.png]
[wpdemo.wensolutions.com/travel-joy-pro/wp-content/uploads/sites/6/2021/03/Flipkart_logo.png]
[wpdemo.wensolutions.com/travel-joy-pro/wp-content/uploads/sites/6/2021/03/TA_brand_logo.png]
[wpdemo.wensolutions.com/travel-joy-pro/wp-content/uploads/sites/6/2021/03/dim-3.png]
[wpdemo.wensolutions.com/travel-joy-pro/wp-content/uploads/sites/6/2023/08/27c8d1832de6a3123b6ee45b59ae2f81b0d9d0d0.png]
[wpdemo.wensolutions.com/travel-joy-pro/wp-content/uploads/sites/6/2023/08/a4b50503eda6c15773d6e61c238230eb42fb050d.png]
[wpdemo.wensolutions.com/travel-joy-pro/wp-content/uploads/sites/6/2023/08/f80e129541f2a952d470df2447373390f3dd4e44.png]
[wpdemo.wensolutions.com/travel-joy-pro/wp-content/uploads/sites/6/2023/08/1c9191b6a3651bf030e41e99a153b64f449845ed.png]
[wpdemo.wensolutions.com/travel-joy-pro/wp-content/uploads/sites/6/2023/08/6bc5ec89d870111592a378bbe7a2086f0b01abc4.png]
[wpdemo.wensolutions.com/travel-joy-pro/wp-content/uploads/sites/6/2023/08/83ef7122074473a6566094e957ff834badb58ce6.png]
[wpdemo.wensolutions.com/travel-joy-pro/wp-content/uploads/sites/6/2023/08/post-image-550x370-1.png]
[wpdemo.wensolutions.com/travel-joy-pro/wp-login.html]
[wpdemo.wensolutions.com/travel-joy-pro/wp-content/uploads/sites/6/2023/08/YES-300x48.png]
[wpdemo.wensolutions.com/travel-joy-pro/wp-includes/js/dist/vendor/lodash.minf492.js]
[wpdemo.wensolutions.com/travel-joy-pro/wp-includes/js/dist/vendor/moment.min1bc8.js]
[wpdemo.wensolutions.com/travel-joy-pro/wp-includes/js/dist/url.min7dc0.js]
[wpdemo.wensolutions.com/travel-joy-pro/wp-includes/js/dist/api-fetch.min471f.js]
[wpdemo.wensolutions.com/travel-joy-pro/wp-admin/admin-ajaxf809.php]
[wpdemo.wensolutions.com/travel-joy-pro/wp-includes/js/dist/a11y.min866e.js]
[wpdemo.wensolutions.com/travel-joy-pro/wp-includes/js/dist/date.mincd70.js]
[wpdemo.wensolutions.com/travel-joy-pro/wp-includes/js/dist/html-entities.min68f0.js]
[wpdemo.wensolutions.com/travel-joy-pro/wp-includes/js/dist/primitives.minfde7.js]
[wpdemo.wensolutions.com/travel-joy-pro/wp-includes/js/dist/rich-text.min8a9b.js]
[wpdemo.wensolutions.com/travel-joy-pro/wp-includes/js/dist/warning.minb0b0.js]
[wpdemo.wensolutions.com/travel-joy-pro/wp-includes/js/dist/components.min051d.js]
[wpdemo.wensolutions.com/travel-joy-pro/wp-content/plugins/wp-travel/app/assets/js/lib/datepicker/datepickerafbb.js]
[wpdemo.wensolutions.com/travel-joy-pro/wp-content/plugins/wp-travel/app/build/frontend-booking-widget13a7.js]
[wpdemo.wensolutions.com/travel-joy-pro/wp-includes/js/jquery/ui/core.min3f14.js]
[wpdemo.wensolutions.com/travel-joy-pro/wp-includes/js/jquery/ui/mouse.min3f14.js]
[wpdemo.wensolutions.com/travel-joy-pro/wp-includes/js/jquery/ui/slider.min3f14.js]
[wpdemo.wensolutions.com/travel-joy-pro/wp-includes/js/underscore.mind584.js]
[wpdemo.wensolutions.com/travel-joy-pro/wp-includes/js/wp-util.min84fc.js]
[wpdemo.wensolutions.com/travel-joy-pro/wp-content/plugins/wp-travel/app/assets/js/lib/datepicker/i18n/datepicker.enafbb.js]
[wpdemo.wensolutions.com/travel-joy-pro/wp-content/plugins/wp-travel/app/assets/js/wp-travel-widgets.minafbb.js]
[wpdemo.wensolutions.com/travel-joy-pro/wp-content/plugins/contact-form-7/includes/swv/js/index38d6.js]
[wpdemo.wensolutions.com/travel-joy-pro/wp-content/plugins/contact-form-7/includes/js/index38d6.js]
[wpdemo.wensolutions.com/travel-joy-pro/wp-includes/js/comment-reply.min84fc.js]
[wpdemo.wensolutions.com/travel-joy-pro/wp-content/themes/travel-joy-pro/js/purecounter.min8a54.js]
[wpdemo.wensolutions.com/travel-joy-pro/wp-content/plugins/wp-travel/app/assets/js/lib/slick/slick.minafbb.js]
[wpdemo.wensolutions.com/travel-joy-pro/wp-content/themes/travel-joy-pro/js/custom.min8a54.js]
[wpdemo.wensolutions.com/travel-joy-pro/wp-content/plugins/wp-travel-pro/inc/modules/downloads-core/assets/download-frontend8a54.js]
[wpdemo.wensolutions.com/travel-joy-pro/wp-content/plugins/wp-travel-pro/inc/modules/multiple-currency-core/assets/scripts8a54.js]
[wpdemo.wensolutions.com/travel-joy-pro/wp-content/plugins/wp-travel-pro/inc/modules/trip-weather-forecast-core/assets/frontend-scripts8a54.js]
[wpdemo.wensolutions.com/travel-joy-pro/wp-content/plugins/wp-travel/app/assets/js/collapse.minafbb.js]
[wpdemo.wensolutions.com/travel-joy-pro/wp-content/plugins/wp-travel-pro/inc/modules/utilities-core/assets/js/wp-travel-utilities-front-end.min9d27.js]
[wpdemo.wensolutions.com/travel-joy-pro/wp-content/plugins/wp-travel-pro/inc/modules/wishlists-core/assets/js/dist/wishlists.min9d27.js]
[wpdemo.wensolutions.com/travel-joy-pro/index.html]
[wpdemo.wensolutions.com/travel-joy-pro/wp-includes/css/dist/block-library/style.mindc8c.css]
[wpdemo.wensolutions.com/travel-joy-pro/wp-content/plugins/wp-travel/app/build/wp-travel-front-enddc8c.css]
[wpdemo.wensolutions.com/travel-joy-pro/wp-content/plugins/notificationx/assets/public/js/frontendae29.js]
[wpdemo.wensolutions.com/travel-joy-pro/wp-content/plugins/wp-travel/app/assets/css/lib/font-awesome/webfonts/fa-brands-400.eot]
[wpdemo.wensolutions.com/travel-joy-pro/wp-content/plugins/wp-travel/app/assets/css/lib/font-awesome/webfonts/fa-brands-400d41d.eot]
[wpdemo.wensolutions.com/travel-joy-pro/wp-content/plugins/wp-travel/app/assets/css/lib/font-awesome/webfonts/fa-brands-400.woff2]
[wpdemo.wensolutions.com/travel-joy-pro/wp-content/plugins/wp-travel/app/assets/css/lib/font-awesome/webfonts/fa-brands-400.woff]
[wpdemo.wensolutions.com/travel-joy-pro/wp-content/plugins/wp-travel/app/assets/css/lib/font-awesome/webfonts/fa-brands-400.ttf]
[wpdemo.wensolutions.com/travel-joy-pro/wp-content/plugins/wp-travel/app/assets/css/lib/font-awesome/webfonts/fa-brands-400.svg]
[wpdemo.wensolutions.com/travel-joy-pro/wp-content/plugins/wp-travel/app/assets/css/lib/font-awesome/webfonts/fa-regular-400.eot]
[wpdemo.wensolutions.com/travel-joy-pro/wp-content/plugins/wp-travel/app/assets/css/lib/font-awesome/webfonts/fa-regular-400d41d.eot]
[wpdemo.wensolutions.com/travel-joy-pro/wp-content/plugins/wp-travel/app/assets/css/lib/font-awesome/webfonts/fa-regular-400.woff2]
[wpdemo.wensolutions.com/travel-joy-pro/wp-content/plugins/wp-travel/app/assets/css/lib/font-awesome/webfonts/fa-regular-400.woff]
[wpdemo.wensolutions.com/travel-joy-pro/wp-content/plugins/wp-travel/app/assets/css/lib/font-awesome/webfonts/fa-regular-400.ttf]
[wpdemo.wensolutions.com/travel-joy-pro/wp-content/plugins/wp-travel/app/assets/css/lib/font-awesome/webfonts/fa-regular-400.svg]
[wpdemo.wensolutions.com/travel-joy-pro/wp-content/plugins/wp-travel/app/assets/css/lib/font-awesome/webfonts/fa-solid-900.eot]
[wpdemo.wensolutions.com/travel-joy-pro/wp-content/plugins/wp-travel/app/assets/css/lib/font-awesome/webfonts/fa-solid-900d41d.eot]
[wpdemo.wensolutions.com/travel-joy-pro/wp-content/plugins/wp-travel/app/assets/css/lib/font-awesome/webfonts/fa-solid-900.woff2]
[wpdemo.wensolutions.com/travel-joy-pro/wp-content/plugins/wp-travel/app/assets/css/lib/font-awesome/webfonts/fa-solid-900.woff]
[wpdemo.wensolutions.com/travel-joy-pro/wp-content/plugins/wp-travel/app/assets/css/lib/font-awesome/webfonts/fa-solid-900.ttf]
[wpdemo.wensolutions.com/travel-joy-pro/wp-content/plugins/wp-travel/app/assets/css/lib/font-awesome/css/fontawesome-all.mindc8c.css]
[wpdemo.wensolutions.com/travel-joy-pro/wp-content/plugins/wp-travel/app/assets/css/lib/font-awesome/css/wp-travel-fa-icons.mindc8c.css]
[wpdemo.wensolutions.com/travel-joy-pro/wp-content/plugins/wp-travel/app/build/frontend-booking-widgetdc8c.css]
[wpdemo.wensolutions.com/travel-joy-pro/wp-content/plugins/wp-travel/app/assets/css/lib/font-awesome/webfonts/fa-solid-900.svg]
[wpdemo.wensolutions.com/travel-joy-pro/wp-includes/fonts/dashicons7d4b.eot]
[wpdemo.wensolutions.com/travel-joy-pro/wp-includes/css/dashicons.mindc8c.css]
[wpdemo.wensolutions.com/travel-joy-pro/wp-content/plugins/wp-travel/app/assets/css/lib/datepicker/datepicker.mindc8c.css]
[wpdemo.wensolutions.com/travel-joy-pro/wp-content/plugins/contact-form-7/includes/css/stylesdc8c.css]
[wpdemo.wensolutions.com/travel-joy-pro/wp-content/themes/travel-joy-pro/css/custom-colors.mindc8c.css]
[wpdemo.wensolutions.com/travel-joy-pro/wp-includes/fonts/dashicons7d4b.ttf]
[wpdemo.wensolutions.com/travel-joy-pro/wp-content/themes/travel-joy-pro/fonts/fa-brands-400.eot]
[wpdemo.wensolutions.com/travel-joy-pro/wp-content/themes/travel-joy-pro/fonts/fa-brands-400d41d.eot]
[wpdemo.wensolutions.com/travel-joy-pro/wp-content/themes/travel-joy-pro/fonts/fa-brands-400.woff2]
[wpdemo.wensolutions.com/travel-joy-pro/wp-content/themes/travel-joy-pro/fonts/fa-brands-400.woff]
[wpdemo.wensolutions.com/travel-joy-pro/wp-content/themes/travel-joy-pro/fonts/fa-brands-400.ttf]
[wpdemo.wensolutions.com/travel-joy-pro/wp-content/themes/travel-joy-pro/fonts/fa-brands-400.svg]
[wpdemo.wensolutions.com/travel-joy-pro/wp-content/themes/travel-joy-pro/fonts/fa-regular-400.eot]
[wpdemo.wensolutions.com/travel-joy-pro/wp-content/themes/travel-joy-pro/fonts/fa-regular-400d41d.eot]
[wpdemo.wensolutions.com/travel-joy-pro/wp-content/themes/travel-joy-pro/fonts/fa-regular-400.woff2]
[wpdemo.wensolutions.com/travel-joy-pro/wp-content/themes/travel-joy-pro/fonts/fa-regular-400.woff]
[wpdemo.wensolutions.com/travel-joy-pro/wp-content/themes/travel-joy-pro/fonts/fa-regular-400.ttf]
[wpdemo.wensolutions.com/travel-joy-pro/wp-content/themes/travel-joy-pro/fonts/fa-regular-400.svg]
[wpdemo.wensolutions.com/travel-joy-pro/wp-content/themes/travel-joy-pro/fonts/fa-solid-900.eot]
[wpdemo.wensolutions.com/travel-joy-pro/wp-content/themes/travel-joy-pro/fonts/fa-solid-900d41d.eot]
[wpdemo.wensolutions.com/travel-joy-pro/wp-content/themes/travel-joy-pro/fonts/fa-solid-900.woff2]
[wpdemo.wensolutions.com/travel-joy-pro/wp-content/themes/travel-joy-pro/fonts/fa-solid-900.woff]
[wpdemo.wensolutions.com/travel-joy-pro/wp-content/themes/travel-joy-pro/fonts/fa-solid-900.ttf]
[wpdemo.wensolutions.com/travel-joy-pro/wp-content/themes/travel-joy-pro/css/all.mindc8c.css]
[wpdemo.wensolutions.com/travel-joy-pro/wp-content/plugins/wp-travel/app/assets/css/lib/slick/slick.mindc8c.css]
[wpdemo.wensolutions.com/travel-joy-pro/wp-content/themes/travel-joy-pro/fonts/fa-solid-900.svg]
[wpdemo.wensolutions.com/travel-joy-pro/wp-content/themes/travel-joy-pro/image/locaton.jpg]
[wpdemo.wensolutions.com/travel-joy-pro/wp-content/themes/travel-joy-pro/image/quotation.png]
[wpdemo.wensolutions.com/travel-joy-pro/wp-content/themes/travel-joy-pro/image/arrowleft-black.png]
[wpdemo.wensolutions.com/travel-joy-pro/wp-content/themes/travel-joy-pro/image/arrowleft-white.png]
[wpdemo.wensolutions.com/travel-joy-pro/wp-content/themes/travel-joy-pro/image/arrow-right-black.png]
[wpdemo.wensolutions.com/travel-joy-pro/wp-content/themes/travel-joy-pro/image/arrow-right-white.png]
[wpdemo.wensolutions.com/travel-joy-pro/wp-content/themes/travel-joy-pro/css/style.mindc8c.css]
[wpdemo.wensolutions.com/travel-joy-pro/wp-content/themes/travel-joy-pro/image/placeholder-no-image.jpg]
[wpdemo.wensolutions.com/travel-joy-pro/wp-content/themes/travel-joy-pro/image/search-solid.svg]
[wpdemo.wensolutions.com/travel-joy-pro/wp-content/themes/travel-joy-pro/css/dynamic.mindc8c.css]
[islington.edu.np/images/footer-bg.png]
[wpdemo.wensolutions.com/travel-joy-pro/wp-content/themes/travel-joy-pro/styledc8c.css]
[wpdemo.wensolutions.com/travel-joy-pro/wp-content/plugins/wp-travel-pro/inc/modules/downloads-core/assets/frontend-stylesdc8c.css]
[wpdemo.wensolutions.com/travel-joy-pro/wp-content/plugins/wp-travel-pro/inc/modules/tour-guide-core/css/front-styledc8c.css]
[wpdemo.wensolutions.com/travel-joy-pro/wp-content/plugins/wp-travel-pro/inc/modules/tour-extras-core/assets/css/magnific-popup.mindc8c.css]
[wpdemo.wensolutions.com/travel-joy-pro/wp-content/plugins/wp-travel-pro/inc/modules/trip-weather-forecast-core/assets/frontend-stylesdc8c.css]
[wpdemo.wensolutions.com/travel-joy-pro/wp-content/plugins/wp-travel-pro/inc/modules/utilities-core/assets/css/wp-travel-utilities-front-end.mindc8c.css]
[wpdemo.wensolutions.com/travel-joy-pro/wp-content/plugins/wp-travel-pro/inc/modules/wishlists-core/assets/css/wp-travel-wishlists.mindc8c.css]
[wpdemo.wensolutions.com/travel-joy-pro/wp-content/plugins/notificationx/assets/public/css/frontenddc8c.css]
[wpdemo.wensolutions.com/travel-joy-pro/wp-includes/js/jquery/jquery.minf43b.js]
[wpdemo.wensolutions.com/travel-joy-pro/wp-includes/js/jquery/jquery-migrate.min5589.js]
[wpdemo.wensolutions.com/travel-joy-pro/wp-includes/js/dist/vendor/wp-polyfill-inert.min0226.js]
[wpdemo.wensolutions.com/travel-joy-pro/wp-includes/js/dist/vendor/regenerator-runtime.min6c85.js]
[wpdemo.wensolutions.com/travel-joy-pro/wp-includes/js/dist/vendor/wp-polyfill.min2c7c.js]
[wpdemo.wensolutions.com/travel-joy-pro/wp-includes/js/dist/vendor/react.min7a3b.js]
[cdnjs.cloudflare.com/ajax/libs/font-awesome/4.7.0/css/font-awesome.min.css]
[wpdemo.wensolutions.com/travel-joy-pro/wp-includes/js/dist/vendor/react-dom.min7a3b.js]
[wpdemo.wensolutions.com/travel-joy-pro/wp-includes/js/dist/hooks.min2ebd.js]
[wpdemo.wensolutions.com/travel-joy-pro/wp-includes/js/dist/i18n.minf92f.js]
[wpdemo.wensolutions.com/travel-joy-pro/wp-includes/js/dist/dom-ready.minded6.js]
[wpdemo.wensolutions.com/travel-joy-pro/wp-includes/js/dist/deprecated.min664b.js]
[wpdemo.wensolutions.com/travel-joy-pro/wp-includes/js/dist/dom.minbac8.js]
[wpdemo.wensolutions.com/travel-joy-pro/wp-includes/js/dist/escape-html.min0311.js]
[wpdemo.wensolutions.com/travel-joy-pro/wp-includes/js/dist/element.min0eb1.js]
[wpdemo.wensolutions.com/travel-joy-pro/wp-includes/js/dist/is-shallow-equal.mincc0f.js]
[wpdemo.wensolutions.com/travel-joy-pro/wp-includes/js/dist/keycodes.min3d5f.js]
[wpdemo.wensolutions.com/travel-joy-pro/wp-includes/js/dist/priority-queue.mind972.js]
[wpdemo.wensolutions.com/travel-joy-pro/wp-includes/js/dist/compose.min3e86.js]
[wpdemo.wensolutions.com/travel-joy-pro/wp-includes/js/dist/private-apis.min3089.js]
[wpdemo.wensolutions.com/travel-joy-pro/wp-includes/js/dist/redux-routine.min9528.js]
[wpdemo.wensolutions.com/travel-joy-pro/wp-includes/js/dist/data.min23f6.js]
[wpdemo.wensolutions.com/travel-joy-pro/wp-content/plugins/wp-travel-pro/inc/modules/tour-guide-core/js/front-script84fc.js]
[wpdemo.wensolutions.com/travel-joy-pro/wp-content/plugins/wp-travel-pro/inc/modules/tour-guide-core/app/build/wp-travel-travel-guide-front84fc.js]
[wpdemo.wensolutions.com/travel-joy-pro/wp-json/wp/v2/pages/747.json]
[wpdemo.wensolutions.com/travel-joy-pro/$&/index.html]
[wpdemo.wensolutions.com/travel-joy-pro/wp-json/oembed/1.0/embedeaef.json]
[wpdemo.wensolutions.com/travel-joy-pro/wp-json/oembed/1.0/embeda75b]
[wpdemo.wensolutions.com/travel-joy-pro/wp-content/uploads/sites/6/2023/06/wing-wind-flag-usa-america-toy-99818-pxhere.com_-365x215.jpg]
[wpdemo.wensolutions.com/travel-joy-pro/wp-content/uploads/sites/6/2023/06/architecture-sky-night-star-asian-chinese-869437-pxhere.com_-365x215.jpg]
[wpdemo.wensolutions.com/travel-joy-pro/wp-content/uploads/sites/6/2023/06/water-ocean-horizon-architecture-skyline-night-680951-pxhere.com_-1-365x215.jpg]
[wpdemo.wensolutions.com/travel-joy-pro/wp-content/uploads/sites/6/2023/06/beach-sea-coast-architecture-house-town-98951-pxhere.com_-365x215.jpg]
[wpdemo.wensolutions.com/travel-joy-pro/author/wptraveldemo/index.html]
[wpdemo.wensolutions.com/travel-joy-pro/wp-content/uploads/sites/6/2023/06/sky-wind-france-red-color-flag-848099-pxhere.com_-365x215.jpg]
[wpdemo.wensolutions.com/travel-joy-pro/wp-content/uploads/sites/6/2023/06/mountain-snow-winter-architecture-mountain-range-weather-1409192-pxhere.com_-365x215.jpg]
[wpdemo.wensolutions.com/travel-joy-pro/wp-content/uploads/sites/6/2023/06/pedestrian-people-road-building-crowd-downtown-1004785-pxhere.com_-365x215.jpg]
[wpdemo.wensolutions.com/travel-joy-pro/wp-content/uploads/sites/6/2023/06/amusement-park-market-toy-art-mexico-skulls-745840-pxhere.com_-365x215.jpg]
[wpdemo.wensolutions.com/travel-joy-pro/2023/07/26/index.html]
[wpdemo.wensolutions.com/travel-joy-pro/wp-content/uploads/sites/6/2023/06/beach-sea-coast-water-ocean-horizon-917394-pxhere.com_-365x215.jpg]
[wpdemo.wensolutions.com/travel-joy-pro/wp-content/uploads/sites/6/2023/10/image_processing20191010-4-pcjcgb-365x215.jpg]
[wpdemo.wensolutions.com/travel-joy-pro/wp-content/plugins/wp-travel/assets/images/wp-travel-placeholder.png]
[wpdemo.wensolutions.com/travel-joy-pro/wp-content/uploads/sites/6/2023/06/city-new-york-times-square-advertising-ad-crowd-194-pxhere.com-1-365x215.jpg]
[wpdemo.wensolutions.com/travel-joy-pro/travel-locations/nepal/index.html]
[wpdemo.wensolutions.com/travel-joy-pro/wp-content/uploads/sites/6/2023/06/light-architecture-sky-eiffel-tower-paris-monument-827084-pxhere.com_-365x215.jpg]
[wpdemo.wensolutions.com/travel-joy-pro/travel-locations/nepal-asia/index.html]
[wpdemo.wensolutions.com/travel-joy-pro/wp-content/uploads/sites/6/2023/06/skyline-town-roof-city-cityscape-tower-708006-pxhere.com-1-365x215.jpg]
[wpdemo.wensolutions.com/travel-joy-pro/travel-locations/new-york/index.html]
[wpdemo.wensolutions.com/travel-joy-pro/wp-content/uploads/sites/6/2023/06/sky-flower-wind-red-color-flag-956911-pxhere.com_-365x215.jpg]
[wpdemo.wensolutions.com/travel-joy-pro/destination/index.html]
[wpdemo.wensolutions.com/travel-joy-pro/travel-locations/paris/index.html]
[wpdemo.wensolutions.com/travel-joy-pro/wp-content/plugins/wp-travel/app/assets/css/lib/magnific-popup/magnific-popup.mindc8c.css]
[wpdemo.wensolutions.com/travel-joy-pro/wp-content/plugins/wp-travel/app/assets/css/lib/easy-responsive-tabs/easy-responsive-tabs.mindc8c.css]
[wpdemo.wensolutions.com/travel-joy-pro/travel-locations/america/feed/index.html]
[wpdemo.wensolutions.com/travel-joy-pro/wp-content/plugins/wp-travel/app/assets/js/lib/parsley/parsley.minafbb.js]
[wpdemo.wensolutions.com/travel-joy-pro/wp-content/plugins/wp-travel-pro/inc/modules/authorize-net-checkout-core/assets/css/wp-travel-authorize-net-checkout-views.min.d3dc8]
[wpdemo.wensolutions.com/travel-joy-pro/wp-json/wp/v2/travel_locations/12.json]
[wpdemo.wensolutions.com/travel-joy-pro/wp-content/uploads/sites/6/2023/08/CALIFORNIA-YACHT-CHARTER-1178-2_11zon-1024x682.jpg]
[wpdemo.wensolutions.com/travel-joy-pro/wp-content/plugins/wp-travel-pro/inc/modules/advanced-gallery-core/assets/css/wp-travel-advanced-gallery-view.mindc8c.css]
[wpdemo.wensolutions.com/travel-joy-pro/wp-includes/js/jquery/ui/accordion.min3f14.js]
[wpdemo.wensolutions.com/travel-joy-pro/wp-content/plugins/wp-travel/app/assets/js/wp-travel-accordion.minafbb.js]
[wpdemo.wensolutions.com/travel-joy-pro/itinerary/luxury-yachts-in-california/index.html]
[wpdemo.wensolutions.com/travel-joy-pro/wp-content/plugins/wp-travel/app/assets/js/lib/hc-sticky/hc-stickyafbb.js]
[wpdemo.wensolutions.com/travel-joy-pro/wp-content/plugins/wp-travel/app/assets/js/booking.minafbb.js]
[wpdemo.wensolutions.com/travel-joy-pro/wp-content/plugins/wp-travel/app/assets/js/lib/jquery.magnific-popup/jquery.magnific-popup.minafbb.js]
[wpdemo.wensolutions.com/travel-joy-pro/wp-content/plugins/wp-travel/app/assets/js/lib/easy-responsive-tabs/easy-responsive-tabs.minafbb.js]
[wpdemo.wensolutions.com/travel-joy-pro/wp-content/plugins/wp-travel/app/assets/js/wp-travel-front-endafbb.js]
[wpdemo.wensolutions.com/travel-joy-pro/wp-content/plugins/wp-travel/app/assets/js/cartafbb.js]
[wpdemo.wensolutions.com/travel-joy-pro/wp-content/plugins/wp-travel/app/assets/js/wp-travel-view-mode.minafbb.js]
[wpdemo.wensolutions.com/travel-joy-pro/wp-content/plugins/wp-travel-pro/inc/modules/authorize-net-checkout-core/app/build/wp-travel-booking8a54.js]
[wpdemo.wensolutions.com/travel-joy-pro/wp-content/plugins/wp-travel-pro/inc/modules/stripe-core/app/build/wp-travel-frontend-booking9d27.js]
[wpdemo.wensolutions.com/travel-joy-pro/wp-content/plugins/wp-travel/app/assets/js/lib/isotope/isotope.pkgdafbb.js]
[wpdemo.wensolutions.com/travel-joy-pro/travel-locations/america/index.html]
[wpdemo.wensolutions.com/travel-joy-pro/wp-content/plugins/wp-travel-pro/inc/modules/advanced-gallery-core/assets/js/wp-travel-advanced-gallery-view.min8a54.js]
[wpdemo.wensolutions.com/travel-joy-pro/wp-json/wp/v2/travel_locations/28.json]
[wpdemo.wensolutions.com/travel-joy-pro/wp-content/uploads/sites/6/2023/10/e75c5e_2c6f3122e58942e084abb686da35a3e1mv2-1024x682.jpg]
[wpdemo.wensolutions.com/travel-joy-pro/travel-locations/europe/feed/index.html]
[wpdemo.wensolutions.com/travel-joy-pro/wp-content/uploads/sites/6/2023/08/HANDCAM-GH010441-1-1501-1024x576.jpg]
[wpdemo.wensolutions.com/travel-joy-pro/wp-content/uploads/sites/6/2023/06/22hours-paris-tjzf-superJumbo_11zon-1024x683.jpg]
[wpdemo.wensolutions.com/travel-joy-pro/itinerary/journey-into-parisian-splendor/index.html]
[wpdemo.wensolutions.com/travel-joy-pro/wp-content/uploads/sites/6/2021/03/winter-road-street-house-town-city-140727-pxhere.com_-1024x684.jpg]
[wpdemo.wensolutions.com/travel-joy-pro/itinerary/scuba-diving/index.html]
[wpdemo.wensolutions.com/travel-joy-pro/itinerary/wiltshire-united-kingdom-skydiving/index.html]
[wpdemo.wensolutions.com/travel-joy-pro/itinerary/unveiling-german-delights/index.html]
[wpdemo.wensolutions.com/travel-joy-pro/wp-content/uploads/sites/6/2023/06/spanien-laenderinformationen-stadt-ozean-wasser-natucate_11zon-1024x680.webp]
[wpdemo.wensolutions.com/travel-joy-pro/travel-locations/europe/index.html]
[wpdemo.wensolutions.com/travel-joy-pro/wp-json/wp/v2/travel_locations/13.json]
[wpdemo.wensolutions.com/travel-joy-pro/travel-locations/asia/feed/index.html]
[wpdemo.wensolutions.com/travel-joy-pro/itinerary/your-ultimate-spanish-escapade/index.html]
[wpdemo.wensolutions.com/travel-joy-pro/wp-content/uploads/sites/6/2023/10/nepal-camping-trekking.jpg]
[wpdemo.wensolutions.com/travel-joy-pro/wp-content/uploads/sites/6/2023/10/Finding-8-1600x1067-1-1024x683.jpg]
[wpdemo.wensolutions.com/travel-joy-pro/itinerary/dhaulagiri/index.html]
[wpdemo.wensolutions.com/travel-joy-pro/itinerary/lake-biwa/index.html]
[wpdemo.wensolutions.com/travel-joy-pro/wp-content/uploads/sites/6/2023/08/Everest-Base-Camp-Trek-3-1024x433.jpg]
[wpdemo.wensolutions.com/travel-joy-pro/wp-content/uploads/sites/6/2023/10/https-cdn.sanity-2.io-images-axbeklts-production-9532f8c1a3cc870cfd07d2431fab8e6799c30ab7-3456x2304]
[wpdemo.wensolutions.com/travel-joy-pro/itinerary/trishuli-rafting/index.html]
[wpdemo.wensolutions.com/travel-joy-pro/itinerary/everest-base-camp-trekking/index.html]
[wpdemo.wensolutions.com/travel-joy-pro/wp-content/uploads/sites/6/2023/08/bhotekoshi-bungee-jumping-last-resort.webp]
[wpdemo.wensolutions.com/travel-joy-pro/travel-locations/asia/index.html]
[wpdemo.wensolutions.com/travel-joy-pro/itinerary/bhote-koshi-bungee-jumping/index.html]
[wpdemo.wensolutions.com/travel-joy-pro/wp-json/wp/v2/travel_locations/44.json]
[wpdemo.wensolutions.com/travel-joy-pro/travel-locations/france/index.html]
[wpdemo.wensolutions.com/travel-joy-pro/travel-locations/france/feed/index.html]
[wpdemo.wensolutions.com/travel-joy-pro/wp-json/wp/v2/travel_locations/40.json]
[wpdemo.wensolutions.com/travel-joy-pro/travel-locations/japan/index.html]
[wpdemo.wensolutions.com/travel-joy-pro/travel-locations/japan/feed/index.html]
[wpdemo.wensolutions.com/travel-joy-pro/wp-json/wp/v2/travel_locations/37.json]
[wpdemo.wensolutions.com/travel-joy-pro/travel-locations/dubai/feed/index.html]
[wpdemo.wensolutions.com/travel-joy-pro/wp-content/uploads/sites/6/2023/08/127010666dubai_museum.jpg]
[wpdemo.wensolutions.com/travel-joy-pro/travel-locations/dubai/index.html]
[wpdemo.wensolutions.com/travel-joy-pro/itinerary/dubai-museum-al-fahidi-fort/index.html]
[wpdemo.wensolutions.com/travel-joy-pro/travel-locations/germany/feed/index.html]
[wpdemo.wensolutions.com/travel-joy-pro/travel-locations/germany/index.html]
[wpdemo.wensolutions.com/travel-joy-pro/wp-json/wp/v2/travel_locations/35.json]
[wpdemo.wensolutions.com/travel-joy-pro/travel-locations/russia/feed/index.html]
[wpdemo.wensolutions.com/travel-joy-pro/wp-json/wp/v2/travel_locations/33.json]
[wpdemo.wensolutions.com/travel-joy-pro/travel-locations/russia/index.html]
[wpdemo.wensolutions.com/travel-joy-pro/wp-json/wp/v2/travel_locations/29.json]
[wpdemo.wensolutions.com/travel-joy-pro/travel-locations/spain/index.html]
[wpdemo.wensolutions.com/travel-joy-pro/travel-locations/spain/feed/index.html]
[wpdemo.wensolutions.com/travel-joy-pro/wp-json/wp/v2/travel_locations/26.json]
[wpdemo.wensolutions.com/travel-joy-pro/travel-locations/mexico/index.html]
[wpdemo.wensolutions.com/travel-joy-pro/itinerary/index.html]
[wpdemo.wensolutions.com/travel-joy-pro/travel-locations/mexico/feed/index.html]
[wpdemo.wensolutions.com/travel-joy-pro/itinerary/feed/index.html]
[wpdemo.wensolutions.com/travel-joy-pro/itinerary/skiing-in-zermatt/index.html]
[wpdemo.wensolutions.com/travel-joy-pro/itinerary/page/3/index.html]
[wpdemo.wensolutions.com/travel-joy-pro/itinerary/page/2/index.html]
[wpdemo.wensolutions.com/travel-joy-pro/wp-json/wp/v2/pages/385.json]
[wpdemo.wensolutions.com/travel-joy-pro/wp-json/oembed/1.0/embed9673.json]
[wpdemo.wensolutions.com/travel-joy-pro/wp-json/oembed/1.0/embed7ae6]
[wpdemo.wensolutions.com/travel-joy-pro/trips-list-view/index.html]
[wpdemo.wensolutions.com/travel-joy-pro/2021/07/21/index.html]
[wpdemo.wensolutions.com/travel-joy-pro/wp-json/wp/v2/pages/383.json]
[wpdemo.wensolutions.com/travel-joy-pro/wp-json/oembed/1.0/embed23fd.json]
[wpdemo.wensolutions.com/travel-joy-pro/wp-json/oembed/1.0/embed0aba]
[wpdemo.wensolutions.com/travel-joy-pro/trips-grid-view/index.html]
[wpdemo.wensolutions.com/travel-joy-pro/wp-json/wp/v2/pages/753.json]
[wpdemo.wensolutions.com/travel-joy-pro/wp-json/oembed/1.0/embeda82b.json]
[wpdemo.wensolutions.com/travel-joy-pro/wp-json/oembed/1.0/embed2d80]
[wpdemo.wensolutions.com/travel-joy-pro/wp-content/uploads/sites/6/2023/08/claudia-altamimi-PSD6ffClG0w-unsplash_11zon-365x215.jpg]
[wpdemo.wensolutions.com/travel-joy-pro/wp-content/uploads/sites/6/2023/08/anoof-junaid-J16ep2LfHwY-unsplash_11zon-365x215.jpg]
[wpdemo.wensolutions.com/travel-joy-pro/wp-content/uploads/sites/6/2023/08/ashim-d-silva-UjxL9x0nwQ8-unsplash_11zon-365x215.jpg]
[wpdemo.wensolutions.com/travel-joy-pro/wp-content/uploads/sites/6/2023/10/https-cdn.sanity-3.io-images-axbeklts-production-9532f8c1a3cc870cfd07d2431fab8e6799c30ab7-3456x2304]
[wpdemo.wensolutions.com/travel-joy-pro/wp-content/uploads/sites/6/2023/10/Finding-8-1600x1067-1-365x215.jpg]
[wpdemo.wensolutions.com/travel-joy-pro/wp-content/uploads/sites/6/2023/10/SS-School-365x215.jpg]
[wpdemo.wensolutions.com/travel-joy-pro/wp-content/uploads/sites/6/2023/08/nathan-cima-8DWP7bttljg-unsplash_11zon-365x215.jpg]
[wpdemo.wensolutions.com/travel-joy-pro/wp-content/uploads/sites/6/2023/08/ries-bosch-woi8qHXopSE-unsplash_11zon1-365x215.jpg]
[wpdemo.wensolutions.com/travel-joy-pro/wp-content/uploads/sites/6/2023/10/wildcamping-365x215.jpg]
[wpdemo.wensolutions.com/travel-joy-pro/wp-content/uploads/sites/6/2023/10/e75c5e_2c6f3122e58942e084abb686da35a3e1mv2-365x215.jpg]
[wpdemo.wensolutions.com/travel-joy-pro/wp-content/uploads/sites/6/2023/08/kamil-pietrzak-H22w-tq0SeQ-unsplash_11zon-365x215.jpg]
[wpdemo.wensolutions.com/travel-joy-pro/wp-content/uploads/sites/6/2023/08/getty_167167350_9706479704500183_94071-365x215.jpg]
[wpdemo.wensolutions.com/travel-joy-pro/trip-types/index.html]
[wpdemo.wensolutions.com/travel-joy-pro/wp-json/wp/v2/pages/750.json]
[wpdemo.wensolutions.com/travel-joy-pro/wp-json/oembed/1.0/embedb281.json]
[wpdemo.wensolutions.com/travel-joy-pro/wp-json/oembed/1.0/embed180e]
[wpdemo.wensolutions.com/travel-joy-pro/wp-content/uploads/sites/6/2023/06/car-bicycle-rider-vehicle-motorcycle-ride-56484-pxhere.com_-365x215.jpg]
[wpdemo.wensolutions.com/travel-joy-pro/wp-content/uploads/sites/6/2023/06/hand-play-place-use-background-tableau-680622-pxhere.com_-365x215.jpg]
[wpdemo.wensolutions.com/travel-joy-pro/wp-content/uploads/sites/6/2023/06/light-recreation-orange-red-color-colorful-930015-pxhere.com_-365x215.jpg]
[wpdemo.wensolutions.com/travel-joy-pro/wp-content/uploads/sites/6/2023/06/landscape-water-nature-outdoor-sky-sunrise-949902-pxhere.com_-365x215.jpg]
[wpdemo.wensolutions.com/travel-joy-pro/wp-content/uploads/sites/6/2023/06/mountain-snow-cold-winter-sky-sun-1126497-pxhere.com_-365x215.jpg]
[wpdemo.wensolutions.com/travel-joy-pro/activity/bike-ride/index.html]
[wpdemo.wensolutions.com/travel-joy-pro/wp-content/uploads/sites/6/2023/06/wing-sky-sport-air-jump-formation-857882-pxhere.com_-365x215.jpg]
[wpdemo.wensolutions.com/travel-joy-pro/activities/index.html]
[wpdemo.wensolutions.com/travel-joy-pro/activity/casino/index.html]
[wpdemo.wensolutions.com/travel-joy-pro/wp-content/uploads/sites/6/2023/06/wing-dawn-extreme-sport-parachute-paragliding-in-the-morning-1013220-pxhere.com_-365x215.115.dela]
[wpdemo.wensolutions.com/travel-joy-pro/activity/kayaking/index.html]
[wpdemo.wensolutions.com/travel-joy-pro/activity/paragliding/index.html]
[wpdemo.wensolutions.com/travel-joy-pro/activity/fireworks/index.html]
[wpdemo.wensolutions.com/travel-joy-pro/activity/skiing/index.html]
[wpdemo.wensolutions.com/travel-joy-pro/activity/sky-diving/index.html]
[wpdemo.wensolutions.com/travel-joy-pro/wp-json/wp/v2/pages/676.json]
[wpdemo.wensolutions.com/travel-joy-pro/wp-json/oembed/1.0/embedcb5e.json]
[wpdemo.wensolutions.com/travel-joy-pro/shortcodes/index.html]
[wpdemo.wensolutions.com/travel-joy-pro/itinerary/beautifully-beaches-in-mexico/index.html]
[wpdemo.wensolutions.com/travel-joy-pro/itinerary/feelin-good-feel-best-at-miami/index.html]
[wpdemo.wensolutions.com/travel-joy-pro/wp-json/oembed/1.0/embed3a39]
[wpdemo.wensolutions.com/travel-joy-pro/wp-json/wp/v2/itinerary_types/5.json]
[wpdemo.wensolutions.com/travel-joy-pro/trip-type/beach/index.html]
[wpdemo.wensolutions.com/travel-joy-pro/trip-type/beach/feed/index.html]
[wpdemo.wensolutions.com/travel-joy-pro/2023/06/01/index.html]
[wpdemo.wensolutions.com/travel-joy-pro/wp-json/wp/v2/itinerary_types/10.json]
[wpdemo.wensolutions.com/travel-joy-pro/trip-type/bungee-jumping/index.html]
[wpdemo.wensolutions.com/travel-joy-pro/trip-type/bungee-jumping/feed/index.html]
[wpdemo.wensolutions.com/travel-joy-pro/wp-json/wp/v2/itinerary_types/67.json]
[wpdemo.wensolutions.com/travel-joy-pro/trip-type/cheerful-rafting/index.html]
[wpdemo.wensolutions.com/travel-joy-pro/trip-type/cheerful-rafting/feed/index.html]
[wpdemo.wensolutions.com/travel-joy-pro/wp-json/wp/v2/itinerary_types/8.json]
[wpdemo.wensolutions.com/travel-joy-pro/trip-type/trekking/index.html]
[wpdemo.wensolutions.com/travel-joy-pro/trip-type/trekking/feed/index.html]
[wpdemo.wensolutions.com/travel-joy-pro/wp-json/wp/v2/itinerary_types/65.json]
[wpdemo.wensolutions.com/travel-joy-pro/trip-type/enjoy-fishing/index.html]
[wpdemo.wensolutions.com/travel-joy-pro/trip-type/enjoy-fishing/feed/index.html]
[wpdemo.wensolutions.com/travel-joy-pro/wp-json/wp/v2/itinerary_types/64.json]
[wpdemo.wensolutions.com/travel-joy-pro/trip-type/skiing-thrill/index.html]
[wpdemo.wensolutions.com/travel-joy-pro/trip-type/skiing-thrill/feed/index.html]
[wpdemo.wensolutions.com/travel-joy-pro/wp-json/wp/v2/itinerary_types/6.json]
[wpdemo.wensolutions.com/travel-joy-pro/trip-type/historical-monuments/index.html]
[wpdemo.wensolutions.com/travel-joy-pro/trip-type/historical-monuments/feed/index.html]
[wpdemo.wensolutions.com/travel-joy-pro/wp-json/wp/v2/itinerary_types/7.json]
[wpdemo.wensolutions.com/travel-joy-pro/trip-type/luxury-life/index.html]
[wpdemo.wensolutions.com/travel-joy-pro/trip-type/luxury-life/feed/index.html]
[wpdemo.wensolutions.com/travel-joy-pro/wp-json/wp/v2/itinerary_types/63.json]
[wpdemo.wensolutions.com/travel-joy-pro/trip-type/peaceful-camping/index.html]
[wpdemo.wensolutions.com/travel-joy-pro/trip-type/peaceful-camping/feed/index.html]
[wpdemo.wensolutions.com/travel-joy-pro/trip-type/scuba-diving/feed/index.html]
[wpdemo.wensolutions.com/travel-joy-pro/wp-json/wp/v2/itinerary_types/66.json]
[wpdemo.wensolutions.com/travel-joy-pro/trip-type/scuba-diving/index.html]
[wpdemo.wensolutions.com/travel-joy-pro/wp-json/wp/v2/itinerary_types/9.json]
[wpdemo.wensolutions.com/travel-joy-pro/trip-type/thrilling-skydiving/index.html]
[wpdemo.wensolutions.com/travel-joy-pro/trip-type/thrilling-skydiving/feed/index.html]
[wpdemo.wensolutions.com/travel-joy-pro/wp-json/wp/v2/itinerary_types/11.json]
[wpdemo.wensolutions.com/travel-joy-pro/trip-type/vacation/index.html]
[wpdemo.wensolutions.com/travel-joy-pro/trip-type/vacation/feed/index.html]
[wpdemo.wensolutions.com/travel-joy-pro/wp-json/wp/v2/travel_locations/18.json]
[wpdemo.wensolutions.com/travel-joy-pro/travel-locations/miami/index.html]
[wpdemo.wensolutions.com/travel-joy-pro/travel-locations/miami/feed/index.html]
[wpdemo.wensolutions.com/travel-joy-pro/wp-json/wp/v2/itineraries/624.json]
[wpdemo.wensolutions.com/travel-joy-pro/itinerary/heavenly-beautiful-japan/feed/index.html]
[wpdemo.wensolutions.com/travel-joy-pro/wp-json/oembed/1.0/embed93aa.json]
[wpdemo.wensolutions.com/travel-joy-pro/wp-json/oembed/1.0/embed1764]
[wpdemo.wensolutions.com/travel-joy-pro/wp-content/uploads/sites/6/2023/06/Kyoto.webp]
[wpdemo.wensolutions.com/travel-joy-pro/wp-content/uploads/sites/6/2023/06/Seigantoji-Pagoda-and-Nachi-Falls-in-Nacho-Japan-300x200.jpg]
[wpdemo.wensolutions.com/travel-joy-pro/wp-content/uploads/sites/6/2023/06/Kyoto-365x215.webp]
[wpdemo.wensolutions.com/travel-joy-pro/privacy-policy/index.html]
[wpdemo.wensolutions.com/travel-joy-pro/travel-keywords/japan/index.html]
[wpdemo.wensolutions.com/travel-joy-pro/travel-keywords/tokyo/index.html]
[wpdemo.wensolutions.com/travel-joy-pro/travel-keywords/asia/index.html]
[wpdemo.wensolutions.com/travel-joy-pro/wp-content/uploads/sites/6/2023/06/Seigantoji-Pagoda-and-Nachi-Falls-in-Nacho-Japan.jpg]
[wpdemo.wensolutions.com/travel-joy-pro/wp-content/uploads/sites/6/2023/06/Seigantoji-Pagoda-and-Nachi-Falls-in-Nacho-Japan-365x215.jpg]
[wpdemo.wensolutions.com/travel-joy-pro/wp-content/uploads/sites/6/2023/06/Osaka-Castle-Cherry-Blossom-Places-in-Japan-1-scaled.jpg]
[wpdemo.wensolutions.com/travel-joy-pro/wp-content/uploads/sites/6/2023/06/Osaka-Castle-Cherry-Blossom-Places-in-Japan-1-365x215.jpg]
[wpdemo.wensolutions.com/travel-joy-pro/itinerary/heavenly-beautiful-japan/index.html]
[wpdemo.wensolutions.com/travel-joy-pro/wp-content/plugins/wp-travel-pro/inc/modules/pro-core/app/build/frontend-booking-widget9d27.js]
[wpdemo.wensolutions.com/travel-joy-pro/wp-json/wp/v2/itineraries/618.json]
[wpdemo.wensolutions.com/travel-joy-pro/itinerary/heavenly-beautiful-japan/index8e42.html]
[wpdemo.wensolutions.com/travel-joy-pro/itinerary/heavenly-beautiful-japan/index267f.html]
[wpdemo.wensolutions.com/travel-joy-pro/itinerary/heavenly-beautiful-japan/indexf970.html]
[wpdemo.wensolutions.com/travel-joy-pro/itinerary/heavenly-beautiful-japan/index6609.html]
[wpdemo.wensolutions.com/travel-joy-pro/wp-json/oembed/1.0/embedaa00.json]
[wpdemo.wensolutions.com/travel-joy-pro/itinerary/your-ultimate-russian-odyssey/feed/index.html]
[wpdemo.wensolutions.com/travel-joy-pro/wp-json/oembed/1.0/embed61e8]
[wpdemo.wensolutions.com/travel-joy-pro/wp-content/uploads/sites/6/2023/06/GettyRF_503257072_11zon-1-scaled.jpg]
[wpdemo.wensolutions.com/travel-joy-pro/wp-content/uploads/sites/6/2023/06/GettyRF_503257072_11zon-1-365x215.jpg]
[wpdemo.wensolutions.com/travel-joy-pro/wp-content/uploads/sites/6/2023/06/2020-12-08T191655Z_1682490904_RC27JK9UNWXQ_RTRMADP_3_RUSSIA-CITYSCAPE-scaled-e1634651141667_11zon]
[wpdemo.wensolutions.com/travel-joy-pro/travel-keywords/russia/index.html]
[wpdemo.wensolutions.com/travel-joy-pro/travel-keywords/europe/index.html]
[wpdemo.wensolutions.com/travel-joy-pro/wp-content/uploads/sites/6/2023/06/20121229-Accountability-in-Russia-Image-02_11zon-1.webp]
[wpdemo.wensolutions.com/travel-joy-pro/wp-content/uploads/sites/6/2023/06/20121229-Accountability-in-Russia-Image-02_11zon-1-365x215.webp]
[wpdemo.wensolutions.com/travel-joy-pro/itinerary/your-ultimate-russian-odyssey/index.html]
[wpdemo.wensolutions.com/travel-joy-pro/wp-content/uploads/sites/6/2023/06/2020-12-08T191655Z_1682490904_RC27JK9UNWXQ_RTRMADP_3_RUSSIA-CITYSCAPE-scaled-e1634651141667_11zon-3]
[wpdemo.wensolutions.com/travel-joy-pro/wp-json/wp/v2/itineraries/612.json]
[wpdemo.wensolutions.com/travel-joy-pro/itinerary/your-ultimate-russian-odyssey/indexf7a8.html]
[wpdemo.wensolutions.com/travel-joy-pro/itinerary/get-freaky-on-new-york-amazing-place/feed/index.html]
[wpdemo.wensolutions.com/travel-joy-pro/wp-json/oembed/1.0/embed1c77.json]
[wpdemo.wensolutions.com/travel-joy-pro/itinerary/your-ultimate-russian-odyssey/indexa79a.html]
[wpdemo.wensolutions.com/travel-joy-pro/wp-json/oembed/1.0/embedb139]
[wpdemo.wensolutions.com/travel-joy-pro/wp-content/uploads/sites/6/2023/06/shutterstock_248799484-scaled-1.jpg]
[wpdemo.wensolutions.com/travel-joy-pro/wp-content/uploads/sites/6/2023/06/shutterstock_248799484-scaled-1-300x200.jpg]
[wpdemo.wensolutions.com/travel-joy-pro/wp-content/uploads/sites/6/2023/06/shutterstock_248799484-scaled-1-365x215.jpg]
[wpdemo.wensolutions.com/travel-joy-pro/travel-keywords/new-york/index.html]
[wpdemo.wensolutions.com/travel-joy-pro/travel-keywords/america/index.html]
[wpdemo.wensolutions.com/travel-joy-pro/wp-content/uploads/sites/6/2023/06/new-york-city-evening-NYCTG0221-52492d6ccab44f328a1c89f41ac02aea.jpg]
[wpdemo.wensolutions.com/travel-joy-pro/wp-content/uploads/sites/6/2023/06/new-york-city-evening-NYCTG0221-52492d6ccab44f328a1c89f41ac02aea-365x215.jpg]
[wpdemo.wensolutions.com/travel-joy-pro/wp-content/uploads/sites/6/2023/06/9dbea438bcd305129064e4a048cc6b52.jpg]
[wpdemo.wensolutions.com/travel-joy-pro/wp-content/uploads/sites/6/2023/06/9dbea438bcd305129064e4a048cc6b52-365x215.jpg]
[wpdemo.wensolutions.com/travel-joy-pro/itinerary/get-freaky-on-new-york-amazing-place/index.html]
[wpdemo.wensolutions.com/travel-joy-pro/wp-json/wp/v2/itineraries/603.json]
[wpdemo.wensolutions.com/travel-joy-pro/itinerary/get-freaky-on-new-york-amazing-place/index5f32.html]
[wpdemo.wensolutions.com/travel-joy-pro/itinerary/get-freaky-on-new-york-amazing-place/index5a86.html]
[wpdemo.wensolutions.com/travel-joy-pro/wp-json/oembed/1.0/embed30c2.json]
[wpdemo.wensolutions.com/travel-joy-pro/itinerary/magnificiant-thailand/feed/index.html]
[wpdemo.wensolutions.com/travel-joy-pro/wp-json/oembed/1.0/embed8a23]
[wpdemo.wensolutions.com/travel-joy-pro/wp-content/uploads/sites/6/2021/03/sea-person-people-girl-woman-hair-544714-pxhere.com_-300x200.jpg]
[wpdemo.wensolutions.com/travel-joy-pro/wp-content/uploads/sites/6/2021/03/beach-sea-coast-water-nature-sand-1350080-pxhere.com_-300x225.jpg]
[wpdemo.wensolutions.com/travel-joy-pro/wp-content/uploads/sites/6/2023/06/11reasonsthailand-365x215.jpg]
[wpdemo.wensolutions.com/travel-joy-pro/travel-keywords/thailand/index.html]
[wpdemo.wensolutions.com/travel-joy-pro/wp-content/uploads/sites/6/2023/06/4fc00310-ba03-4511-8028-c29f05535f08.webp]
[wpdemo.wensolutions.com/travel-joy-pro/wp-content/uploads/sites/6/2023/06/4fc00310-ba03-4511-8028-c29f05535f08-365x215.webp]
[wpdemo.wensolutions.com/travel-joy-pro/itinerary/magnificiant-thailand/index.html]
[wpdemo.wensolutions.com/travel-joy-pro/wp-json/wp/v2/itineraries/610.json]
[wpdemo.wensolutions.com/travel-joy-pro/itinerary/magnificiant-thailand/index5add.html]
[wpdemo.wensolutions.com/travel-joy-pro/itinerary/magnificiant-thailand/index06ab.html]
[wpdemo.wensolutions.com/travel-joy-pro/itinerary/want-to-visit-las-vegas/feed/index.html]
[wpdemo.wensolutions.com/travel-joy-pro/wp-json/oembed/1.0/embeda5e6.json]
[wpdemo.wensolutions.com/travel-joy-pro/wp-json/oembed/1.0/embed9289]
[wpdemo.wensolutions.com/travel-joy-pro/wp-content/uploads/sites/6/2021/03/night-paris-cityscape-evening-reflection-tower-1054352-pxhere.com_.jpg]
[wpdemo.wensolutions.com/travel-joy-pro/wp-content/uploads/sites/6/2023/06/structure-road-vacation-sign-amusement-park-park-1045258-pxhere.com_-300x225.jpg]
[wpdemo.wensolutions.com/travel-joy-pro/wp-content/uploads/sites/6/2021/03/night-paris-cityscape-evening-reflection-tower-1054352-pxhere.com_-300x180.jpg]
[wpdemo.wensolutions.com/travel-joy-pro/travel-keywords/las-vegas/index.html]
[demo.wensolutions.com/travel-joy-pro/wp-content/uploads/sites/3/2021/03/night-paris-cityscape-evening-reflection-tower-1054352-pxhere.com_.jpg]
[demo.wensolutions.com/travel-joy-pro/wp-content/uploads/sites/3/2021/03/structure-road-vacation-sign-amusement-park-park-1045258-pxhere.com_.jpg]
[wpdemo.wensolutions.com/travel-joy-pro/wp-content/uploads/sites/6/2021/03/structure-road-vacation-sign-amusement-park-park-1045258-pxhere.com_.jpg]
[wpdemo.wensolutions.com/travel-joy-pro/itinerary/want-to-visit-las-vegas/index.html]
[wpdemo.wensolutions.com/travel-joy-pro/itinerary/want-to-visit-las-vegas/index8294.html]
[wpdemo.wensolutions.com/travel-joy-pro/wp-json/wp/v2/itineraries/622.json]
[wpdemo.wensolutions.com/travel-joy-pro/itinerary/want-to-visit-las-vegas/indexa82a.html]
[wpdemo.wensolutions.com/travel-joy-pro/itinerary/luxury-never-gets-enough-of-it-dubai-king-of-luxury/feed/index.html]
[wpdemo.wensolutions.com/travel-joy-pro/wp-json/oembed/1.0/embedc4c7.json]
[wpdemo.wensolutions.com/travel-joy-pro/wp-json/oembed/1.0/embed4f20]
[wpdemo.wensolutions.com/travel-joy-pro/wp-content/uploads/sites/6/2023/06/france-champs-elysees-paris.jpg]
[wpdemo.wensolutions.com/travel-joy-pro/wp-content/uploads/sites/6/2023/06/france-champs-elysees-paris-300x169.jpg]
[wpdemo.wensolutions.com/travel-joy-pro/wp-content/uploads/sites/6/2023/06/france-champs-elysees-paris-365x215.jpg]
[wpdemo.wensolutions.com/travel-joy-pro/travel-keywords/dubai/index.html]
[wpdemo.wensolutions.com/travel-joy-pro/travel-keywords/uae/index.html]
[wpdemo.wensolutions.com/travel-joy-pro/wp-content/uploads/sites/6/2023/06/230324090551-01-visiting-france-during-protests-what-to-know-top.jpg]
[wpdemo.wensolutions.com/travel-joy-pro/wp-content/uploads/sites/6/2023/06/230324090551-01-visiting-france-during-protests-what-to-know-top-365x215.jpg]
[wpdemo.wensolutions.com/travel-joy-pro/itinerary/luxury-never-gets-enough-of-it-dubai-king-of-luxury/index.html]
[wpdemo.wensolutions.com/travel-joy-pro/wp-content/themes/travel-joy-pro/image/blog/comment.png]
[wpdemo.wensolutions.com/travel-joy-pro/blog/index.html]
[wpdemo.wensolutions.com/travel-joy-pro/itinerary/luxury-never-gets-enough-of-it-dubai-king-of-luxury/index6f0d.html]
[wpdemo.wensolutions.com/travel-joy-pro/category/wensolution/index.html]
[wpdemo.wensolutions.com/travel-joy-pro/itinerary/luxury-never-gets-enough-of-it-dubai-king-of-luxury/indexa589.html]
[wpdemo.wensolutions.com/travel-joy-pro/wp-json/wp/v2/posts/1203.json]
[wpdemo.wensolutions.com/travel-joy-pro/2023/08/08/do-i-need-travel-insurance-during-my-international-visits/feed/index.html]
[wpdemo.wensolutions.com/travel-joy-pro/wp-json/oembed/1.0/embedd03f.json]
[wpdemo.wensolutions.com/travel-joy-pro/wp-json/oembed/1.0/embed0655]
[wpdemo.wensolutions.com/travel-joy-pro/xmlrpc.php]
[wpdemo.wensolutions.com/travel-joy-pro/wp-content/uploads/sites/6/2023/08/natalya-zaritskaya-SIOdjcYotms-unsplash_11zon-1024x683.jpg]
[wpdemo.wensolutions.com/travel-joy-pro/2023/08/08/do-i-need-travel-insurance-during-my-international-visits/index.html]
[wpdemo.wensolutions.com/travel-joy-pro/2023/index.html]
[wpdemo.wensolutions.com/travel-joy-pro/wp-json/wp/v2/posts/1200.json]
[wpdemo.wensolutions.com/travel-joy-pro/2023/08/08/what-documents-do-i-need-for-international-travel-passport-visa/feed/index.html]
[wpdemo.wensolutions.com/travel-joy-pro/2023/08/index.html]
[wpdemo.wensolutions.com/travel-joy-pro/2023/08/08/index.html]
[wpdemo.wensolutions.com/travel-joy-pro/wp-json/oembed/1.0/embed732c.json]
[wpdemo.wensolutions.com/travel-joy-pro/wp-json/oembed/1.0/embed64e5]
[wpdemo.wensolutions.com/travel-joy-pro/wp-content/uploads/sites/6/2023/08/geojango-maps-CWbbJW_7Fsw-unsplash_11zon-1024x683.jpg]
[wpdemo.wensolutions.com/travel-joy-pro/2023/08/08/what-documents-do-i-need-for-international-travel-passport-visa/index.html]
[wpdemo.wensolutions.com/travel-joy-pro/wp-includes/css/buttons.mindc8c.css]
[wpdemo.wensolutions.com/travel-joy-pro/wp-admin/css/forms.mindc8c.css]
[wpdemo.wensolutions.com/travel-joy-pro/wp-admin/css/l10n.mindc8c.css]
[wpdemo.wensolutions.com/travel-joy-pro/wp-admin/css/login.mindc8c.css]
[wpdemo.wensolutions.com/travel-joy-pro/wp-loginc2b6.html]
[wpdemo.wensolutions.com/travel-joy-pro/wp-includes/js/zxcvbn-async.min5152.js]
[wpdemo.wensolutions.com/travel-joy-pro/wp-admin/js/password-strength-meter.min84fc.js]
[wpdemo.wensolutions.com/travel-joy-pro/wp-login.html]
[wpdemo.wensolutions.com/travel-joy-pro/wp-content/plugins/wp-travel-pro/inc/modules/authorize-net-checkout-core/templates/iframe.html]
[wpdemo.wensolutions.com/travel-joy-pro/wp-includes/js/dist/vendor/lodash.minf492.js]
[wpdemo.wensolutions.com/travel-joy-pro/wp-includes/js/dist/vendor/moment.min1bc8.js]
[wpdemo.wensolutions.com/travel-joy-pro/wp-admin/js/user-profile.min84fc.js]
[wpdemo.wensolutions.com/travel-joy-pro/wp-includes/js/dist/url.min7dc0.js]
[wpdemo.wensolutions.com/travel-joy-pro/wp-includes/js/dist/api-fetch.min471f.js]
[wpdemo.wensolutions.com/travel-joy-pro/wp-admin/admin-ajaxf809.html]
[wpdemo.wensolutions.com/travel-joy-pro/wp-includes/js/dist/a11y.min866e.js]
[wpdemo.wensolutions.com/travel-joy-pro/moment-timezone-utils.js must be loaded after moment-timezone.js]
[wpdemo.wensolutions.com/travel-joy-pro/wp-includes/js/dist/date.mincd70.js]
[wpdemo.wensolutions.com/travel-joy-pro/wp-includes/js/dist/html-entities.min68f0.js]
[wpdemo.wensolutions.com/travel-joy-pro/wp-includes/js/dist/primitives.minfde7.js]
[wpdemo.wensolutions.com/travel-joy-pro/wp-includes/js/dist/rich-text.min8a9b.js]
[wpdemo.wensolutions.com/travel-joy-pro/wp-includes/js/dist/warning.minb0b0.js]
[wpdemo.wensolutions.com/travel-joy-pro/test/index.html]
[wpdemo.wensolutions.com/travel-joy-pro/wp-includes/js/dist/components.min051d.js]
[wpdemo.wensolutions.com/travel-joy-pro/wp-content/plugins/wp-travel/app/assets/js/lib/datepicker/datepickerafbb.js]
[wpdemo.wensolutions.com/travel-joy-pro/wp-content/plugins/wp-travel/app/build/frontend-booking-widget13a7.js]
[wpdemo.wensolutions.com/travel-joy-pro/wp-includes/js/jquery/ui/core.min3f14.js]
[wpdemo.wensolutions.com/travel-joy-pro/wp-includes/js/jquery/ui/mouse.min3f14.js]
[wpdemo.wensolutions.com/travel-joy-pro/wp-includes/js/jquery/ui/slider.min3f14.js]
[wpdemo.wensolutions.com/travel-joy-pro/wp-includes/js/underscore.mind584.js]
[wpdemo.wensolutions.com/travel-joy-pro/wp-includes/js/wp-util.min84fc.js]
[wpdemo.wensolutions.com/travel-joy-pro/wp-content/plugins/wp-travel/app/assets/js/lib/datepicker/i18n/datepicker.enafbb.js]
[wpdemo.wensolutions.com/travel-joy-pro/e+query_string]
[wpdemo.wensolutions.com/travel-joy-pro/wp-content/plugins/wp-travel/app/assets/js/wp-travel-widgets.minafbb.js]
[wpdemo.wensolutions.com/travel-joy-pro/wp-content/plugins/contact-form-7/includes/swv/js/index38d6.js]
[wpdemo.wensolutions.com/travel-joy-pro/wp-content/plugins/contact-form-7/includes/js/index38d6.js]
[wpdemo.wensolutions.com/travel-joy-pro/wp-includes/js/comment-reply.min84fc.js]
[wpdemo.wensolutions.com/travel-joy-pro/wp-content/themes/travel-joy-pro/js/purecounter.min8a54.js]
[wpdemo.wensolutions.com/travel-joy-pro/wp-content/plugins/wp-travel/app/assets/js/lib/slick/slick.minafbb.js]
[wpdemo.wensolutions.com/travel-joy-pro/wp-content/themes/travel-joy-pro/js/custom.min8a54.js]
[wpdemo.wensolutions.com/travel-joy-pro/wp-content/plugins/wp-travel-pro/inc/modules/downloads-core/assets/download-frontend8a54.js]
[wpdemo.wensolutions.com/travel-joy-pro/wp-content/plugins/wp-travel-pro/inc/modules/multiple-currency-core/assets/scripts8a54.js]
[wpdemo.wensolutions.com/travel-joy-pro/wp-content/plugins/wp-travel-pro/inc/modules/trip-weather-forecast-core/assets/frontend-scripts8a54.js]
[wpdemo.wensolutions.com/travel-joy-pro/wp-content/plugins/wp-travel/app/assets/js/collapse.minafbb.js]
[wpdemo.wensolutions.com/travel-joy-pro/wp-content/plugins/wp-travel-pro/inc/modules/utilities-core/assets/js/wp-travel-utilities-front-end.min9d27.js]
[wpdemo.wensolutions.com/travel-joy-pro/wp-content/plugins/wp-travel-pro/inc/modules/wishlists-core/assets/js/dist/wishlists.min9d27.js]
[wpdemo.wensolutions.com/travel-joy-pro/wp-content/plugins/notificationx/assets/public/js/frontendae29.js]
[wpdemo.wensolutions.com/travel-joy-pro/wp-content/plugins/wp-travel/app/assets/css/lib/font-awesome/webfonts/fa-brands-400.svg]
[wpdemo.wensolutions.com/travel-joy-pro/wp-content/plugins/wp-travel/app/assets/css/lib/font-awesome/webfonts/fa-regular-400.svg]
[wpdemo.wensolutions.com/travel-joy-pro/wp-content/plugins/wp-travel/app/assets/css/lib/font-awesome/webfonts/fa-solid-900.svg]
[wpdemo.wensolutions.com/travel-joy-pro/wp-content/themes/travel-joy-pro/fonts/fa-brands-400.svg]
[wpdemo.wensolutions.com/travel-joy-pro/wp-content/themes/travel-joy-pro/fonts/fa-regular-400.svg]
[wpdemo.wensolutions.com/travel-joy-pro/chrome/index.html]
[wpdemo.wensolutions.com/travel-joy-pro/wp-content/themes/travel-joy-pro/fonts/fa-solid-900.svg]
[wpdemo.wensolutions.com/travel-joy-pro/wp-content/themes/travel-joy-pro/image/Union2yellow.svg]
[wpdemo.wensolutions.com/travel-joy-pro/wp-content/themes/travel-joy-pro/image/Union2.svg]
[wpdemo.wensolutions.com/travel-joy-pro/wp-content/themes/travel-joy-pro/image/search-solid.svg]
[wpdemo.wensolutions.com/travel-joy-pro/wp-content/themes/travel-joy-pro/image/left-arrow-white.svg]
[cdnjs.cloudflare.com/ajax/libs/font-awesome/4.7.0/css/font-awesome.min.css]
[wpdemo.wensolutions.com/travel-joy-pro/$&/index.html]
[wpdemo.wensolutions.com/travel-joy-pro/indexa4b6.html]
[wpdemo.wensolutions.com/travel-joy-pro/applewebkit/index.html]
[wpdemo.wensolutions.com/travel-joy-pro/wp-json/wp/v2/users/1.json]
[wpdemo.wensolutions.com/travel-joy-pro/author/wptraveldemo/index.html]
[wpdemo.wensolutions.com/travel-joy-pro/2023/07/26/index.html]
[wpdemo.wensolutions.com/travel-joy-pro/author/wptraveldemo/feed/index.html]
[wpdemo.wensolutions.com/travel-joy-pro/wp-json/wp/v2/travel_locations/68.json]
[wpdemo.wensolutions.com/travel-joy-pro/travel-locations/nepal/index.html]
[wpdemo.wensolutions.com/travel-joy-pro/travel-locations/nepal/feed/index.html]
[wpdemo.wensolutions.com/travel-joy-pro/wp-json/wp/v2/travel_locations/76.json]
[wpdemo.wensolutions.com/travel-joy-pro/travel-locations/nepal-asia/index.html]
[wpdemo.wensolutions.com/travel-joy-pro/travel-locations/nepal-asia/feed/index.html]
[wpdemo.wensolutions.com/travel-joy-pro/wp-json/wp/v2/travel_locations/23.json]
[wpdemo.wensolutions.com/travel-joy-pro/travel-locations/new-york/index.html]
[wpdemo.wensolutions.com/travel-joy-pro/travel-locations/new-york/feed/index.html]
[wpdemo.wensolutions.com/travel-joy-pro/wp-json/wp/v2/travel_locations/45.json]
[wpdemo.wensolutions.com/travel-joy-pro/travel-locations/paris/index.html]
[wpdemo.wensolutions.com/travel-joy-pro/wp-content/plugins/wp-travel/app/assets/css/lib/magnific-popup/magnific-popup.mindc8c.css]
[wpdemo.wensolutions.com/travel-joy-pro/wp-content/plugins/wp-travel/app/assets/css/lib/easy-responsive-tabs/easy-responsive-tabs.mindc8c.css]
[wpdemo.wensolutions.com/travel-joy-pro/travel-locations/paris/feed/index.html]
[wpdemo.wensolutions.com/travel-joy-pro/wp-content/plugins/wp-travel-pro/inc/modules/authorize-net-checkout-core/assets/img/powered_simple.png]
[wpdemo.wensolutions.com/travel-joy-pro/wp-content/plugins/wp-travel-pro/inc/modules/authorize-net-checkout-core/assets/css/wp-travel-authorize-net-checkout-views.min.d3dc8]
[wpdemo.wensolutions.com/travel-joy-pro/wp-content/plugins/wp-travel/app/assets/js/lib/parsley/parsley.minafbb.js]
[wpdemo.wensolutions.com/travel-joy-pro/wp-json/wp/v2/itineraries/1149.json]
[wpdemo.wensolutions.com/travel-joy-pro/itinerary/luxury-yachts-in-california/feed/index.html]
[wpdemo.wensolutions.com/travel-joy-pro/wp-json/oembed/1.0/embed0ae5.json]
[wpdemo.wensolutions.com/travel-joy-pro/wp-json/oembed/1.0/embedfd58]
[wpdemo.wensolutions.com/travel-joy-pro/wp-content/uploads/sites/6/2023/08/CALIFORNIA-YACHT-CHARTER-1178-2_11zon.jpg]
[wpdemo.wensolutions.com/travel-joy-pro/wp-content/uploads/sites/6/2023/08/CALIFORNIA-YACHT-CHARTER-1178-2_11zon-300x200.jpg]
[wpdemo.wensolutions.com/travel-joy-pro/wp-content/uploads/sites/6/2023/08/CALIFORNIA-YACHT-CHARTER-1178-2_11zon-365x215.jpg]
[wpdemo.wensolutions.com/travel-joy-pro/travel-keywords/boats/index.html]
[wpdemo.wensolutions.com/travel-joy-pro/wp-content/uploads/sites/6/2023/08/Marina-del-Rey-Yacht-Rentals-125-ft-yacht_11zon.webp]
[wpdemo.wensolutions.com/travel-joy-pro/travel-keywords/luxury-boats/index.html]
[wpdemo.wensolutions.com/travel-joy-pro/wp-content/uploads/sites/6/2023/08/Marina-del-Rey-Yacht-Rentals-125-ft-yacht_11zon-365x215.webp]
[wpdemo.wensolutions.com/travel-joy-pro/itinerary/luxury-yachts-in-california/index.html]
[wpdemo.wensolutions.com/travel-joy-pro/wp-content/plugins/wp-travel-pro/inc/modules/advanced-gallery-core/assets/css/wp-travel-advanced-gallery-view.mindc8c.css]
[wpdemo.wensolutions.com/travel-joy-pro/wp-includes/js/jquery/ui/accordion.min3f14.js]
[wpdemo.wensolutions.com/travel-joy-pro/wp-content/plugins/wp-travel/app/assets/js/wp-travel-accordion.minafbb.js]
[wpdemo.wensolutions.com/travel-joy-pro/wp-content/plugins/wp-travel/app/assets/js/lib/hc-sticky/hc-stickyafbb.js]
[wpdemo.wensolutions.com/travel-joy-pro/wp-content/plugins/wp-travel/app/assets/js/booking.minafbb.js]
[wpdemo.wensolutions.com/travel-joy-pro/wp-content/plugins/wp-travel/app/assets/js/lib/jquery.magnific-popup/jquery.magnific-popup.minafbb.js]
[wpdemo.wensolutions.com/travel-joy-pro/wp-content/plugins/wp-travel/app/assets/js/lib/easy-responsive-tabs/easy-responsive-tabs.minafbb.js]
[wpdemo.wensolutions.com/travel-joy-pro/wp-content/plugins/wp-travel/app/assets/js/wp-travel-front-endafbb.js]
[wpdemo.wensolutions.com/travel-joy-pro/wp-content/plugins/wp-travel/app/assets/js/cartafbb.js]
[wpdemo.wensolutions.com/travel-joy-pro/wp-content/plugins/wp-travel/app/assets/js/wp-travel-view-mode.minafbb.js]
[wpdemo.wensolutions.com/travel-joy-pro/wp-content/plugins/wp-travel-pro/inc/modules/authorize-net-checkout-core/app/build/wp-travel-booking8a54.js]
[wpdemo.wensolutions.com/travel-joy-pro/wp-content/plugins/wp-travel-pro/inc/modules/stripe-core/app/build/wp-travel-frontend-booking9d27.js]
[wpdemo.wensolutions.com/travel-joy-pro/wp-content/plugins/wp-travel/app/assets/js/lib/isotope/isotope.pkgdafbb.js]
[wpdemo.wensolutions.com/travel-joy-pro/wp-content/plugins/wp-travel-pro/inc/modules/advanced-gallery-core/assets/js/wp-travel-advanced-gallery-view.min8a54.js]
[wpdemo.wensolutions.com/travel-joy-pro/itinerary/luxury-yachts-in-california/index04d3.html]
[wpdemo.wensolutions.com/travel-joy-pro/wp-json/wp/v2/itineraries/1541.json]
[wpdemo.wensolutions.com/travel-joy-pro/itinerary/scuba-diving/feed/index.html]
[wpdemo.wensolutions.com/travel-joy-pro/wp-json/oembed/1.0/embed71a3.json]
[wpdemo.wensolutions.com/travel-joy-pro/wp-json/oembed/1.0/embedb690]
[wpdemo.wensolutions.com/travel-joy-pro/travel-keywords/diving/index.html]
[wpdemo.wensolutions.com/travel-joy-pro/travel-keywords/mexico/index.html]
[wpdemo.wensolutions.com/travel-joy-pro/travel-keywords/mexico-city/index.html]
[wpdemo.wensolutions.com/travel-joy-pro/wp-content/uploads/sites/6/2023/10/scuba-diving-in-goa-cost.jpg]
[wpdemo.wensolutions.com/travel-joy-pro/wp-content/uploads/sites/6/2023/10/scuba-diving-in-goa-cost-365x215.jpg]
[wpdemo.wensolutions.com/travel-joy-pro/itinerary/scuba-diving/index.html]
[wpdemo.wensolutions.com/travel-joy-pro/travel-keywords/scubadiving/index.html]
[wpdemo.wensolutions.com/travel-joy-pro/wp-json/wp/v2/itineraries/1168.json]
[wpdemo.wensolutions.com/travel-joy-pro/itinerary/wiltshire-united-kingdom-skydiving/feed/index.html]
[wpdemo.wensolutions.com/travel-joy-pro/wp-json/oembed/1.0/embed159b.json]
[wpdemo.wensolutions.com/travel-joy-pro/wp-json/oembed/1.0/embed4bb1]
[wpdemo.wensolutions.com/travel-joy-pro/wp-content/uploads/sites/6/2023/08/HANDCAM-GH010441-1-1501.jpg]
[wpdemo.wensolutions.com/travel-joy-pro/wp-content/uploads/sites/6/2023/08/www.visitwiltshire.co_-300x172.jpg]
[wpdemo.wensolutions.com/travel-joy-pro/wp-content/uploads/sites/6/2023/08/HANDCAM-GH010441-1-1501-365x215.jpg]
[wpdemo.wensolutions.com/travel-joy-pro/travel-keywords/skydiving/index.html]
[wpdemo.wensolutions.com/travel-joy-pro/travel-keywords/thrill/index.html]
[wpdemo.wensolutions.com/travel-joy-pro/wp-content/uploads/sites/6/2023/08/www.visitwiltshire.co_.jpg]
[wpdemo.wensolutions.com/travel-joy-pro/wp-content/uploads/sites/6/2023/08/www.visitwiltshire.co_-365x215.jpg]
[wpdemo.wensolutions.com/travel-joy-pro/wp-content/uploads/sites/6/2023/08/eu-assets.simpleview-europe.jpg]
[wpdemo.wensolutions.com/travel-joy-pro/wp-content/uploads/sites/6/2023/08/eu-assets.simpleview-europe-365x215.jpg]
[wpdemo.wensolutions.com/travel-joy-pro/itinerary/wiltshire-united-kingdom-skydiving/index.html]
[wpdemo.wensolutions.com/travel-joy-pro/wp-json/wp/v2/itineraries/626.json]
[wpdemo.wensolutions.com/travel-joy-pro/itinerary/journey-into-parisian-splendor/feed/index.html]
[wpdemo.wensolutions.com/travel-joy-pro/itinerary/wiltshire-united-kingdom-skydiving/index360b.html]
[wpdemo.wensolutions.com/travel-joy-pro/wp-json/oembed/1.0/embed942c.json]
[wpdemo.wensolutions.com/travel-joy-pro/wp-json/oembed/1.0/embeda354]
[wpdemo.wensolutions.com/travel-joy-pro/wp-content/uploads/sites/6/2023/06/22hours-paris-tjzf-superJumbo_11zon.jpg]
[wpdemo.wensolutions.com/travel-joy-pro/wp-content/uploads/sites/6/2023/06/9fbda0f4-926d-4d0e-8570-432c724fa40f_11zon-300x200.webp]
[wpdemo.wensolutions.com/travel-joy-pro/wp-content/uploads/sites/6/2023/06/paris-louvre_1100x700_11zon-300x191.jpg]
[wpdemo.wensolutions.com/travel-joy-pro/wp-content/uploads/sites/6/2023/06/22hours-paris-tjzf-superJumbo_11zon-365x215.jpg]
[wpdemo.wensolutions.com/travel-joy-pro/travel-keywords/france/index.html]
[wpdemo.wensolutions.com/travel-joy-pro/travel-keywords/paris/index.html]
[wpdemo.wensolutions.com/travel-joy-pro/wp-content/uploads/sites/6/2023/06/9fbda0f4-926d-4d0e-8570-432c724fa40f_11zon.webp]
[wpdemo.wensolutions.com/travel-joy-pro/wp-content/uploads/sites/6/2023/06/9fbda0f4-926d-4d0e-8570-432c724fa40f_11zon-365x215.webp]
[wpdemo.wensolutions.com/travel-joy-pro/wp-content/uploads/sites/6/2023/06/paris-louvre_1100x700_11zon.jpg]
[wpdemo.wensolutions.com/travel-joy-pro/wp-content/uploads/sites/6/2023/06/paris-louvre_1100x700_11zon-365x215.jpg]
[wpdemo.wensolutions.com/travel-joy-pro/itinerary/journey-into-parisian-splendor/index.html]
[wpdemo.wensolutions.com/travel-joy-pro/wp-json/wp/v2/itineraries/620.json]
[wpdemo.wensolutions.com/travel-joy-pro/itinerary/journey-into-parisian-splendor/index011c.html]
[wpdemo.wensolutions.com/travel-joy-pro/itinerary/journey-into-parisian-splendor/index8528.html]
[wpdemo.wensolutions.com/travel-joy-pro/wp-json/oembed/1.0/embed127b.json]
[wpdemo.wensolutions.com/travel-joy-pro/itinerary/unveiling-german-delights/feed/index.html]
[wpdemo.wensolutions.com/travel-joy-pro/wp-json/oembed/1.0/embed6905]
[wpdemo.wensolutions.com/travel-joy-pro/wp-content/uploads/sites/6/2021/03/winter-road-street-house-town-city-140727-pxhere.com_.jpg]
[wpdemo.wensolutions.com/travel-joy-pro/wp-content/uploads/sites/6/2023/06/Germany-2109x1406_11zon-300x200.jpg]
[wpdemo.wensolutions.com/travel-joy-pro/travel-keywords/germany/index.html]
[demo.wensolutions.com/travel-joy-pro/wp-content/uploads/sites/3/2021/03/winter-road-street-house-town-city-140727-pxhere.com_.jpg]
[demo.wensolutions.com/travel-joy-pro/wp-content/uploads/sites/3/2021/03/pedestrian-architecture-people-sky-road-skyline-1246790-pxhere.com_.jpg]
[wpdemo.wensolutions.com/travel-joy-pro/wp-content/uploads/sites/6/2021/03/pedestrian-architecture-people-sky-road-skyline-1246790-pxhere.com_.jpg]
[wpdemo.wensolutions.com/travel-joy-pro/itinerary/unveiling-german-delights/index.html]
[wpdemo.wensolutions.com/travel-joy-pro/itinerary/unveiling-german-delights/index8eab.html]
[wpdemo.wensolutions.com/travel-joy-pro/itinerary/unveiling-german-delights/index0e22.html]
[wpdemo.wensolutions.com/travel-joy-pro/itinerary/your-ultimate-spanish-escapade/feed/index.html]
[wpdemo.wensolutions.com/travel-joy-pro/wp-json/wp/v2/itineraries/616.json]
[wpdemo.wensolutions.com/travel-joy-pro/wp-json/oembed/1.0/embed9887.json]
[wpdemo.wensolutions.com/travel-joy-pro/wp-json/oembed/1.0/embed2560]
[wpdemo.wensolutions.com/travel-joy-pro/wp-content/uploads/sites/6/2023/06/spanien-laenderinformationen-stadt-ozean-wasser-natucate_11zon-scaled.webp]
[wpdemo.wensolutions.com/travel-joy-pro/wp-content/uploads/sites/6/2023/06/spanien-laenderinformationen-stadt-ozean-wasser-natucate_11zon-300x199.webp]
[wpdemo.wensolutions.com/travel-joy-pro/wp-content/uploads/sites/6/2023/06/spain-madrid_16x9_11zon-300x169.jpg]
[wpdemo.wensolutions.com/travel-joy-pro/travel-keywords/spain/index.html]
[wpdemo.wensolutions.com/travel-joy-pro/wp-content/uploads/sites/6/2023/06/spanien-laenderinformationen-stadt-ozean-wasser-natucate_11zon-365x215.webp]
[wpdemo.wensolutions.com/travel-joy-pro/wp-content/uploads/sites/6/2023/06/spain-madrid_16x9_11zon.jpg]
[wpdemo.wensolutions.com/travel-joy-pro/wp-content/uploads/sites/6/2023/06/spain-madrid_16x9_11zon-365x215.jpg]
[wpdemo.wensolutions.com/travel-joy-pro/wp-content/uploads/sites/6/2023/06/spain-ae07a60d883c4e968846f636988d4723.jpg]
[wpdemo.wensolutions.com/travel-joy-pro/wp-content/uploads/sites/6/2023/06/spain-ae07a60d883c4e968846f636988d4723-365x215.jpg]
[wpdemo.wensolutions.com/travel-joy-pro/itinerary/your-ultimate-spanish-escapade/index.html]
[wpdemo.wensolutions.com/travel-joy-pro/wp-json/wp/v2/itineraries/1538.json]
[wpdemo.wensolutions.com/travel-joy-pro/itinerary/your-ultimate-spanish-escapade/index4d5f.html]
[wpdemo.wensolutions.com/travel-joy-pro/itinerary/your-ultimate-spanish-escapade/indexb951.html]
[wpdemo.wensolutions.com/travel-joy-pro/itinerary/dhaulagiri/feed/index.html]
[wpdemo.wensolutions.com/travel-joy-pro/wp-json/oembed/1.0/embed5a25.json]
[wpdemo.wensolutions.com/travel-joy-pro/wp-json/oembed/1.0/embed81b8]
[wpdemo.wensolutions.com/travel-joy-pro/wp-content/uploads/sites/6/2023/10/nepal-camping-trekking-365x215.jpg]
[wpdemo.wensolutions.com/travel-joy-pro/itinerary/dhaulagiri/index.html]
[wpdemo.wensolutions.com/travel-joy-pro/travel-keywords/adventure/index.html]
[wpdemo.wensolutions.com/travel-joy-pro/wp-json/wp/v2/itineraries/1531.json]
[wpdemo.wensolutions.com/travel-joy-pro/travel-keywords/camping/index.html]
[wpdemo.wensolutions.com/travel-joy-pro/itinerary/lake-biwa/feed/index.html]
[wpdemo.wensolutions.com/travel-joy-pro/wp-json/oembed/1.0/embed3093.json]
[wpdemo.wensolutions.com/travel-joy-pro/wp-json/oembed/1.0/embedd1a9]
[wpdemo.wensolutions.com/travel-joy-pro/wp-content/uploads/sites/6/2023/10/9a4f7ff9984a955e6b839d785356a9d6-e1513820243877.jpg]
[wpdemo.wensolutions.com/travel-joy-pro/wp-content/uploads/sites/6/2023/10/9a4f7ff9984a955e6b839d785356a9d6-e1513820243877-365x215.jpg]
[wpdemo.wensolutions.com/travel-joy-pro/itinerary/lake-biwa/index.html]
[wpdemo.wensolutions.com/travel-joy-pro/wp-json/wp/v2/itineraries/1528.json]
[wpdemo.wensolutions.com/travel-joy-pro/itinerary/trishuli-rafting/feed/index.html]
[wpdemo.wensolutions.com/travel-joy-pro/wp-json/oembed/1.0/embed9e96.json]
[wpdemo.wensolutions.com/travel-joy-pro/wp-json/oembed/1.0/embed32ca]
[wpdemo.wensolutions.com/travel-joy-pro/wp-content/uploads/sites/6/2023/10/nepal-river-rafting.jpg]
[wpdemo.wensolutions.com/travel-joy-pro/travel-keywords/rafting/index.html]
[wpdemo.wensolutions.com/travel-joy-pro/travel-keywords/thrilling/index.html]
[wpdemo.wensolutions.com/travel-joy-pro/wp-content/uploads/sites/6/2023/10/nepal-river-rafting-365x215.jpg]
[wpdemo.wensolutions.com/travel-joy-pro/itinerary/trishuli-rafting/index.html]
[wpdemo.wensolutions.com/travel-joy-pro/wp-json/wp/v2/itineraries/1142.json]
[wpdemo.wensolutions.com/travel-joy-pro/itinerary/everest-base-camp-trekking/feed/index.html]
[wpdemo.wensolutions.com/travel-joy-pro/wp-json/oembed/1.0/embed1ee7.json]
[wpdemo.wensolutions.com/travel-joy-pro/wp-json/oembed/1.0/embede48f]
[wpdemo.wensolutions.com/travel-joy-pro/wp-content/uploads/sites/6/2023/08/Everest-Base-Camp-Trek-3.jpg]
[wpdemo.wensolutions.com/travel-joy-pro/wp-content/uploads/sites/6/2023/08/Everest-Base-Camp-Trek-3-300x127.jpg]
[wpdemo.wensolutions.com/travel-joy-pro/wp-content/uploads/sites/6/2023/08/Everest-Base-Camp-Trek-3-365x215.jpg]
[wpdemo.wensolutions.com/travel-joy-pro/travel-keywords/adventure-sports/index.html]
[wpdemo.wensolutions.com/travel-joy-pro/travel-keywords/trekking/index.html]
[wpdemo.wensolutions.com/travel-joy-pro/wp-content/uploads/sites/6/2023/08/everest-base-camp-trekking.jpg]
[wpdemo.wensolutions.com/travel-joy-pro/wp-content/uploads/sites/6/2023/08/everest-base-camp-trekking-365x215.jpg]
[wpdemo.wensolutions.com/travel-joy-pro/itinerary/everest-base-camp-trekking/index.html]
[wpdemo.wensolutions.com/travel-joy-pro/wp-json/wp/v2/itineraries/1136.json]
[wpdemo.wensolutions.com/travel-joy-pro/itinerary/bhote-koshi-bungee-jumping/feed/index.html]
[wpdemo.wensolutions.com/travel-joy-pro/itinerary/everest-base-camp-trekking/indexa858.html]
[wpdemo.wensolutions.com/travel-joy-pro/wp-json/oembed/1.0/embed8f1d.json]
[wpdemo.wensolutions.com/travel-joy-pro/wp-json/oembed/1.0/embede959]
[wpdemo.wensolutions.com/travel-joy-pro/wp-content/uploads/sites/6/2023/08/anoof-junaid-J16ep2LfHwY-unsplash_11zon-300x240.jpg]
[wpdemo.wensolutions.com/travel-joy-pro/wp-content/uploads/sites/6/2023/08/bhotekoshi-bungee-jumping-last-resort-365x215.webp]
[wpdemo.wensolutions.com/travel-joy-pro/itinerary/bhote-koshi-bungee-jumping/index.html]
[wpdemo.wensolutions.com/travel-joy-pro/travel-keywords/bungee-jumping/index.html]
[wpdemo.wensolutions.com/travel-joy-pro/wp-json/wp/v2/itineraries/1162.json]
[wpdemo.wensolutions.com/travel-joy-pro/itinerary/dubai-museum-al-fahidi-fort/feed/index.html]
[wpdemo.wensolutions.com/travel-joy-pro/itinerary/bhote-koshi-bungee-jumping/index6944.html]
[wpdemo.wensolutions.com/travel-joy-pro/wp-json/oembed/1.0/embed74a1.json]
[wpdemo.wensolutions.com/travel-joy-pro/wp-json/oembed/1.0/embed0bdc]
[wpdemo.wensolutions.com/travel-joy-pro/wp-content/uploads/sites/6/2023/08/Untitled.jpg]
[wpdemo.wensolutions.com/travel-joy-pro/wp-content/uploads/sites/6/2023/08/127010666dubai_museum-365x215.jpg]
[wpdemo.wensolutions.com/travel-joy-pro/wp-content/uploads/sites/6/2023/08/Untitled-225x215.jpg]
[wpdemo.wensolutions.com/travel-joy-pro/itinerary/dubai-museum-al-fahidi-fort/index.html]
[wpdemo.wensolutions.com/travel-joy-pro/wp-content/uploads/sites/6/2023/08/HD-wallpaper-history-within-dubai-museum-and-al-fahidi-fort-historical-place-cool-places-to-visit-2]
[wpdemo.wensolutions.com/travel-joy-pro/travel-keywords/history/index.html]
[wpdemo.wensolutions.com/travel-joy-pro/travel-keywords/monument/index.html]
[wpdemo.wensolutions.com/travel-joy-pro/travel-keywords/historical/index.html]
[wpdemo.wensolutions.com/travel-joy-pro/wp-json/wp/v2/itineraries/1534.json]
[wpdemo.wensolutions.com/travel-joy-pro/itinerary/skiing-in-zermatt/feed/index.html]
[wpdemo.wensolutions.com/travel-joy-pro/itinerary/dubai-museum-al-fahidi-fort/indexfa40.html]
[wpdemo.wensolutions.com/travel-joy-pro/wp-json/oembed/1.0/embeda780.json]
[wpdemo.wensolutions.com/travel-joy-pro/itinerary/skiing-in-zermatt/index.html]
[wpdemo.wensolutions.com/travel-joy-pro/wp-json/oembed/1.0/embed5f45]
[wpdemo.wensolutions.com/travel-joy-pro/wp-content/uploads/sites/6/2023/10/SkierinZermattwiththeMatterhorninthebackground_GettyImages_mbbirdy-76ef68eb47a3461fa7ca53b905eb4b-2]
[wpdemo.wensolutions.com/travel-joy-pro/itinerary/page/2/index.html]
[wpdemo.wensolutions.com/travel-joy-pro/itinerary/page/3/index.html]
[wpdemo.wensolutions.com/travel-joy-pro/indexf1ac.html]
[wpdemo.wensolutions.com/travel-joy-pro/2021/07/21/index.html]
[wpdemo.wensolutions.com/travel-joy-pro/index3f97.html]
[wpdemo.wensolutions.com/travel-joy-pro/indexf31a.html]
[wpdemo.wensolutions.com/travel-joy-pro/index21b4.html]
[wpdemo.wensolutions.com/travel-joy-pro/travel-keywords/skiing/index.html]
[wpdemo.wensolutions.com/travel-joy-pro/wp-json/wp/v2/activity/25.json]
[wpdemo.wensolutions.com/travel-joy-pro/activity/bike-ride/index.html]
[wpdemo.wensolutions.com/travel-joy-pro/activity/bike-ride/feed/index.html]
[wpdemo.wensolutions.com/travel-joy-pro/wp-json/wp/v2/activity/21.json]
[wpdemo.wensolutions.com/travel-joy-pro/activity/casino/index.html]
[wpdemo.wensolutions.com/travel-joy-pro/activity/casino/feed/index.html]
[wpdemo.wensolutions.com/travel-joy-pro/wp-json/wp/v2/activity/16.json]
[wpdemo.wensolutions.com/travel-joy-pro/activity/fireworks/index.html]
[wpdemo.wensolutions.com/travel-joy-pro/activity/fireworks/feed/index.html]
[wpdemo.wensolutions.com/travel-joy-pro/activity/fireworks/page/2/index.html]
[wpdemo.wensolutions.com/travel-joy-pro/activity/kayaking/index.html]
[wpdemo.wensolutions.com/travel-joy-pro/wp-json/wp/v2/activity/17.json]
[wpdemo.wensolutions.com/travel-joy-pro/activity/kayaking/feed/index.html]
[wpdemo.wensolutions.com/travel-joy-pro/wp-json/wp/v2/activity/43.json]
[wpdemo.wensolutions.com/travel-joy-pro/activity/paragliding/index.html]
[wpdemo.wensolutions.com/travel-joy-pro/activity/paragliding/feed/index.html]
[wpdemo.wensolutions.com/travel-joy-pro/activity/skiing/feed/index.html]
[wpdemo.wensolutions.com/travel-joy-pro/wp-json/wp/v2/activity/48.json]
[wpdemo.wensolutions.com/travel-joy-pro/activity/skiing/index.html]
[wpdemo.wensolutions.com/travel-joy-pro/wp-json/wp/v2/activity/32.json]
[wpdemo.wensolutions.com/travel-joy-pro/activity/sky-diving/index.html]
[wpdemo.wensolutions.com/travel-joy-pro/index54f6.html]
[wpdemo.wensolutions.com/travel-joy-pro/2023/06/01/index.html]
[wpdemo.wensolutions.com/travel-joy-pro/index5a14.html]
[wpdemo.wensolutions.com/travel-joy-pro/activity/sky-diving/feed/index.html]
[wpdemo.wensolutions.com/travel-joy-pro/wp-json/wp/v2/pages/7.json]
[wpdemo.wensolutions.com/travel-joy-pro/privacy-policy/feed/index.html]
[wpdemo.wensolutions.com/travel-joy-pro/wp-json/oembed/1.0/embed57d7.json]
[wpdemo.wensolutions.com/travel-joy-pro/privacy-policy/index.html]
[wpdemo.wensolutions.com/travel-joy-pro/wp-json/oembed/1.0/embed3005]
[wpdemo.wensolutions.com/travel-joy-pro/travel-keywords/asia/feed/index.html]
[wpdemo.wensolutions.com/travel-joy-pro/2021/03/15/index.html]
[wpdemo.wensolutions.com/travel-joy-pro/travel-keywords/asia/index.html]
[wpdemo.wensolutions.com/travel-joy-pro/wp-json/wp/v2/travel_keywords/14.json]
[wpdemo.wensolutions.com/travel-joy-pro/wp-json/wp/v2/travel_keywords/41.json]
[wpdemo.wensolutions.com/travel-joy-pro/travel-keywords/japan/index.html]
[wpdemo.wensolutions.com/travel-joy-pro/travel-keywords/japan/feed/index.html]
[wpdemo.wensolutions.com/travel-joy-pro/wp-json/wp/v2/travel_keywords/42.json]
[wpdemo.wensolutions.com/travel-joy-pro/travel-keywords/tokyo/index.html]
[wpdemo.wensolutions.com/travel-joy-pro/itinerary/heavenly-beautiful-japan/index8e42.html]
[wpdemo.wensolutions.com/travel-joy-pro/itinerary/heavenly-beautiful-japan/index267f.html]
[wpdemo.wensolutions.com/travel-joy-pro/itinerary/heavenly-beautiful-japan/indexf970.html]
[wpdemo.wensolutions.com/travel-joy-pro/wp-content/plugins/wp-travel-pro/inc/modules/pro-core/app/build/frontend-booking-widget9d27.js]
[wpdemo.wensolutions.com/travel-joy-pro/indexab36.html]
[wpdemo.wensolutions.com/travel-joy-pro/travel-keywords/tokyo/feed/index.html]
[wpdemo.wensolutions.com/travel-joy-pro/wp-json/wp/v2/travel_keywords/30.json]
[wpdemo.wensolutions.com/travel-joy-pro/travel-keywords/europe/index.html]
[wpdemo.wensolutions.com/travel-joy-pro/travel-keywords/europe/feed/index.html]
[wpdemo.wensolutions.com/travel-joy-pro/wp-json/wp/v2/travel_keywords/34.json]
[wpdemo.wensolutions.com/travel-joy-pro/travel-keywords/russia/index.html]
[wpdemo.wensolutions.com/travel-joy-pro/itinerary/your-ultimate-russian-odyssey/indexa79a.html]
[wpdemo.wensolutions.com/travel-joy-pro/index4494.html]
[wpdemo.wensolutions.com/travel-joy-pro/travel-keywords/russia/feed/index.html]
[wpdemo.wensolutions.com/travel-joy-pro/wp-json/wp/v2/travel_keywords/19.json]
[wpdemo.wensolutions.com/travel-joy-pro/travel-keywords/america/index.html]
[wpdemo.wensolutions.com/travel-joy-pro/travel-keywords/america/feed/index.html]
[wpdemo.wensolutions.com/travel-joy-pro/wp-json/wp/v2/travel_keywords/24.json]
[wpdemo.wensolutions.com/travel-joy-pro/travel-keywords/new-york/index.html]
[wpdemo.wensolutions.com/travel-joy-pro/itinerary/get-freaky-on-new-york-amazing-place/index5a86.html]
[wpdemo.wensolutions.com/travel-joy-pro/index7aeb.html]
[wpdemo.wensolutions.com/travel-joy-pro/travel-keywords/new-york/feed/index.html]
[wpdemo.wensolutions.com/travel-joy-pro/wp-json/wp/v2/travel_keywords/15.json]
[wpdemo.wensolutions.com/travel-joy-pro/travel-keywords/thailand/index.html]
[wpdemo.wensolutions.com/travel-joy-pro/itinerary/magnificiant-thailand/index06ab.html]
[wpdemo.wensolutions.com/travel-joy-pro/index0718.html]
[wpdemo.wensolutions.com/travel-joy-pro/travel-keywords/thailand/feed/index.html]
[wpdemo.wensolutions.com/travel-joy-pro/wp-json/wp/v2/travel_keywords/22.json]
[wpdemo.wensolutions.com/travel-joy-pro/travel-keywords/las-vegas/index.html]
[wpdemo.wensolutions.com/travel-joy-pro/itinerary/want-to-visit-las-vegas/indexa82a.html]
[wpdemo.wensolutions.com/travel-joy-pro/index7033.html]
[wpdemo.wensolutions.com/travel-joy-pro/travel-keywords/las-vegas/feed/index.html]
[wpdemo.wensolutions.com/travel-joy-pro/travel-keywords/dubai/feed/index.html]
[wpdemo.wensolutions.com/travel-joy-pro/wp-json/wp/v2/travel_keywords/38.json]
[wpdemo.wensolutions.com/travel-joy-pro/travel-keywords/dubai/index.html]
[wpdemo.wensolutions.com/travel-joy-pro/travel-keywords/uae/feed/index.html]
[wpdemo.wensolutions.com/travel-joy-pro/wp-json/wp/v2/travel_keywords/39.json]
[wpdemo.wensolutions.com/travel-joy-pro/travel-keywords/uae/index.html]
[wpdemo.wensolutions.com/travel-joy-pro/itinerary/luxury-never-gets-enough-of-it-dubai-king-of-luxury/index6f0d.html]
[wpdemo.wensolutions.com/travel-joy-pro/category/wensolution/feed/index.html]
[wpdemo.wensolutions.com/travel-joy-pro/wp-json/wp/v2/categories/2.json]
[wpdemo.wensolutions.com/travel-joy-pro/category/wensolution/index.html]
[wpdemo.wensolutions.com/travel-joy-pro/indexb849.html]
[wpdemo.wensolutions.com/travel-joy-pro/xmlrpc.php]
[wpdemo.wensolutions.com/travel-joy-pro/2023/index.html]
[wpdemo.wensolutions.com/travel-joy-pro/2023/08/index.html]
[wpdemo.wensolutions.com/travel-joy-pro/2023/08/08/index.html]
[wpdemo.wensolutions.com/travel-joy-pro/index6d80.html]
[wpdemo.wensolutions.com/travel-joy-pro/wp-includes/css/buttons.mindc8c.css]
[wpdemo.wensolutions.com/travel-joy-pro/wp-admin/images/loading.gif]
[wpdemo.wensolutions.com/travel-joy-pro/wp-admin/css/forms.mindc8c.css]
[wpdemo.wensolutions.com/travel-joy-pro/wp-admin/css/l10n.mindc8c.css]
[wpdemo.wensolutions.com/travel-joy-pro/wp-admin/images/w-logo-blue7a53.png]
[wpdemo.wensolutions.com/travel-joy-pro/wp-admin/images/wordpress-logo7d6b.svg]
[wpdemo.wensolutions.com/travel-joy-pro/wp-admin/css/login.mindc8c.css]
[wpdemo.wensolutions.com/travel-joy-pro/wp-loginc2b6.html]
[wpdemo.wensolutions.com/travel-joy-pro/wp-includes/js/zxcvbn-async.min5152.js]
[wpdemo.wensolutions.com/travel-joy-pro/wp-admin/js/password-strength-meter.min84fc.js]
[wpdemo.wensolutions.com/travel-joy-pro/wp-admin/js/user-profile.min84fc.js]
[wpdemo.wensolutions.com/travel-joy-pro/wp-json/wp/v2/pages/1329.json]
[wpdemo.wensolutions.com/travel-joy-pro/wp-json/oembed/1.0/embeda9a1.json]
[wpdemo.wensolutions.com/travel-joy-pro/test/index.html]
[wpdemo.wensolutions.com/travel-joy-pro/moment-timezone-utils.js must be loaded after moment-timezone.html]
[wpdemo.wensolutions.com/travel-joy-pro/Moment Timezone requires Moment.js. See https_/momentjs.com/timezone/docs/index.html]
[wpdemo.wensolutions.com/travel-joy-pro/applewebkit/index.html]
[wpdemo.wensolutions.com/travel-joy-pro/chrome/index.html]
[wpdemo.wensolutions.com/travel-joy-pro/e+query_string.html]
[wpdemo.wensolutions.com/travel-joy-pro/index3f16.html]
[wpdemo.wensolutions.com/travel-joy-pro/wp-json/oembed/1.0/embedf759]
[wpdemo.wensolutions.com/travel-joy-pro/travel-keywords/boats/feed/index.html]
[wpdemo.wensolutions.com/travel-joy-pro/travel-keywords/boats/index.html]
[wpdemo.wensolutions.com/travel-joy-pro/wp-json/wp/v2/travel_keywords/56.json]
[wpdemo.wensolutions.com/travel-joy-pro/2023/08/28/index.html]
[wpdemo.wensolutions.com/travel-joy-pro/travel-keywords/luxury-boats/feed/index.html]
[wpdemo.wensolutions.com/travel-joy-pro/travel-keywords/luxury-boats/index.html]
[wpdemo.wensolutions.com/travel-joy-pro/wp-json/wp/v2/travel_keywords/57.json]
[wpdemo.wensolutions.com/travel-joy-pro/itinerary/luxury-yachts-in-california/index04d3.html]
[wpdemo.wensolutions.com/travel-joy-pro/index141e.html]
[wpdemo.wensolutions.com/travel-joy-pro/wp-json/wp/v2/travel_keywords/75.json]
[wpdemo.wensolutions.com/travel-joy-pro/travel-keywords/diving/index.html]
[wpdemo.wensolutions.com/travel-joy-pro/wp-json/wp/v2/travel_keywords/27.json]
[wpdemo.wensolutions.com/travel-joy-pro/travel-keywords/mexico/index.html]
[wpdemo.wensolutions.com/travel-joy-pro/travel-keywords/diving/feed/index.html]
[wpdemo.wensolutions.com/travel-joy-pro/wp-json/wp/v2/travel_keywords/51.json]
[wpdemo.wensolutions.com/travel-joy-pro/travel-keywords/mexico-city/index.html]
[wpdemo.wensolutions.com/travel-joy-pro/travel-keywords/mexico/feed/index.html]
[wpdemo.wensolutions.com/travel-joy-pro/wp-json/wp/v2/travel_keywords/74.json]
[wpdemo.wensolutions.com/travel-joy-pro/travel-keywords/scubadiving/index.html]
[wpdemo.wensolutions.com/travel-joy-pro/indexcc5d.html]
[wpdemo.wensolutions.com/travel-joy-pro/travel-keywords/scubadiving/feed/index.html]
[wpdemo.wensolutions.com/travel-joy-pro/travel-keywords/mexico-city/feed/index.html]
[wpdemo.wensolutions.com/travel-joy-pro/wp-json/wp/v2/travel_keywords/61.json]
[wpdemo.wensolutions.com/travel-joy-pro/travel-keywords/skydiving/index.html]
[wpdemo.wensolutions.com/travel-joy-pro/travel-keywords/skydiving/feed/index.html]
[wpdemo.wensolutions.com/travel-joy-pro/wp-json/wp/v2/travel_keywords/62.json]
[wpdemo.wensolutions.com/travel-joy-pro/travel-keywords/thrill/index.html]
[wpdemo.wensolutions.com/travel-joy-pro/itinerary/wiltshire-united-kingdom-skydiving/index360b.html]
[wpdemo.wensolutions.com/travel-joy-pro/indexe90e.html]
[wpdemo.wensolutions.com/travel-joy-pro/travel-keywords/thrill/feed/index.html]
[wpdemo.wensolutions.com/travel-joy-pro/wp-json/wp/v2/travel_keywords/46.json]
[wpdemo.wensolutions.com/travel-joy-pro/travel-keywords/france/index.html]
[wpdemo.wensolutions.com/travel-joy-pro/travel-keywords/france/feed/index.html]
[wpdemo.wensolutions.com/travel-joy-pro/wp-json/wp/v2/travel_keywords/47.json]
[wpdemo.wensolutions.com/travel-joy-pro/travel-keywords/paris/index.html]
[wpdemo.wensolutions.com/travel-joy-pro/itinerary/journey-into-parisian-splendor/index8528.html]
[wpdemo.wensolutions.com/travel-joy-pro/index2c3d.html]
[wpdemo.wensolutions.com/travel-joy-pro/travel-keywords/paris/feed/index.html]
[wpdemo.wensolutions.com/travel-joy-pro/travel-keywords/germany/feed/index.html]
[wpdemo.wensolutions.com/travel-joy-pro/travel-keywords/germany/index.html]
[wpdemo.wensolutions.com/travel-joy-pro/wp-json/wp/v2/travel_keywords/36.json]
[wpdemo.wensolutions.com/travel-joy-pro/itinerary/unveiling-german-delights/index0e22.html]
[wpdemo.wensolutions.com/travel-joy-pro/index8372.html]
[wpdemo.wensolutions.com/travel-joy-pro/wp-json/wp/v2/travel_keywords/31.json]
[wpdemo.wensolutions.com/travel-joy-pro/travel-keywords/spain/index.html]
[wpdemo.wensolutions.com/travel-joy-pro/itinerary/your-ultimate-spanish-escapade/indexb951.html]
[wpdemo.wensolutions.com/travel-joy-pro/index652b.html]
[wpdemo.wensolutions.com/travel-joy-pro/travel-keywords/spain/feed/index.html]
[wpdemo.wensolutions.com/travel-joy-pro/wp-json/wp/v2/travel_keywords/72.json]
[wpdemo.wensolutions.com/travel-joy-pro/travel-keywords/adventure/index.html]
[wpdemo.wensolutions.com/travel-joy-pro/travel-keywords/adventure/feed/index.html]
[wpdemo.wensolutions.com/travel-joy-pro/travel-keywords/camping/feed/index.html]
[wpdemo.wensolutions.com/travel-joy-pro/wp-json/wp/v2/travel_keywords/73.json]
[wpdemo.wensolutions.com/travel-joy-pro/travel-keywords/camping/index.html]
[wpdemo.wensolutions.com/travel-joy-pro/indexb781.html]
[wpdemo.wensolutions.com/travel-joy-pro/index26e4.html]
[wpdemo.wensolutions.com/travel-joy-pro/travel-keywords/rafting/feed/index.html]
[wpdemo.wensolutions.com/travel-joy-pro/wp-json/wp/v2/travel_keywords/69.json]
[wpdemo.wensolutions.com/travel-joy-pro/travel-keywords/rafting/index.html]
[wpdemo.wensolutions.com/travel-joy-pro/wp-json/wp/v2/travel_keywords/70.json]
[wpdemo.wensolutions.com/travel-joy-pro/travel-keywords/thrilling/index.html]
[wpdemo.wensolutions.com/travel-joy-pro/index4dbd.html]
[wpdemo.wensolutions.com/travel-joy-pro/travel-keywords/thrilling/feed/index.html]
[wpdemo.wensolutions.com/travel-joy-pro/wp-json/wp/v2/travel_keywords/54.json]
[wpdemo.wensolutions.com/travel-joy-pro/travel-keywords/adventure-sports/index.html]
[wpdemo.wensolutions.com/travel-joy-pro/travel-keywords/adventure-sports/feed/index.html]
[wpdemo.wensolutions.com/travel-joy-pro/travel-keywords/trekking/feed/index.html]
[wpdemo.wensolutions.com/travel-joy-pro/wp-json/wp/v2/travel_keywords/55.json]
[wpdemo.wensolutions.com/travel-joy-pro/travel-keywords/trekking/index.html]
[wpdemo.wensolutions.com/travel-joy-pro/itinerary/everest-base-camp-trekking/indexa858.html]
[wpdemo.wensolutions.com/travel-joy-pro/index7fbc.html]
[wpdemo.wensolutions.com/travel-joy-pro/wp-json/wp/v2/travel_keywords/53.json]
[wpdemo.wensolutions.com/travel-joy-pro/travel-keywords/bungee-jumping/index.html]
[wpdemo.wensolutions.com/travel-joy-pro/itinerary/bhote-koshi-bungee-jumping/index6944.html]
[wpdemo.wensolutions.com/travel-joy-pro/index7065.html]
[wpdemo.wensolutions.com/travel-joy-pro/travel-keywords/bungee-jumping/feed/index.html]
[wpdemo.wensolutions.com/travel-joy-pro/travel-keywords/historical/feed/index.html]
[wpdemo.wensolutions.com/travel-joy-pro/wp-json/wp/v2/travel_keywords/60.json]
[wpdemo.wensolutions.com/travel-joy-pro/travel-keywords/historical/index.html]
[wpdemo.wensolutions.com/travel-joy-pro/wp-json/wp/v2/travel_keywords/59.json]
[wpdemo.wensolutions.com/travel-joy-pro/travel-keywords/history/index.html]
[wpdemo.wensolutions.com/travel-joy-pro/travel-keywords/history/feed/index.html]
[wpdemo.wensolutions.com/travel-joy-pro/wp-json/wp/v2/travel_keywords/58.json]
[wpdemo.wensolutions.com/travel-joy-pro/travel-keywords/monument/index.html]
[wpdemo.wensolutions.com/travel-joy-pro/itinerary/dubai-museum-al-fahidi-fort/indexfa40.html]
[wpdemo.wensolutions.com/travel-joy-pro/index9c1b.html]
[wpdemo.wensolutions.com/travel-joy-pro/travel-keywords/monument/feed/index.html]
[wpdemo.wensolutions.com/travel-joy-pro/wp-json/wp/v2/travel_keywords/71.json]
[wpdemo.wensolutions.com/travel-joy-pro/travel-keywords/skiing/index.html]
[wpdemo.wensolutions.com/travel-joy-pro/activity/fireworks/page/2/index.html]
[wpdemo.wensolutions.com/travel-joy-pro/indexc4f7.html]
[wpdemo.wensolutions.com/travel-joy-pro/2021/03/15/index.html]
[wpdemo.wensolutions.com/travel-joy-pro/wp-admin/images/wordpress-logo7d6b.svg]
[wpdemo.wensolutions.com/travel-joy-pro/indexd944.html]
[wpdemo.wensolutions.com/travel-joy-pro/2023/08/28/index.html]
[wpdemo.wensolutions.com/travel-joy-pro/travel-keywords/skiing/feed/index.html]
